Archive member included to satisfy reference by file (symbol)

/usr/lib/gcc/arm-none-eabi/14.2.0/thumb/v6-m/nofp/libgcc.a(_dvmd_tls.o)
                              CMakeFiles/pico2.dir/home/karl/pico/pico-sdk/src/rp2_common/pico_divider/divider_hardware.S.o (__aeabi_idiv0)
/usr/lib/gcc/arm-none-eabi/14.2.0/../../../../arm-none-eabi/lib/thumb/v6-m/nofp/libg.a(libc_a-atexit.o)
                              /usr/lib/gcc/arm-none-eabi/14.2.0/../../../../arm-none-eabi/lib/thumb/v6-m/nofp/crt0.o (atexit)
/usr/lib/gcc/arm-none-eabi/14.2.0/../../../../arm-none-eabi/lib/thumb/v6-m/nofp/libg.a(libc_a-atoi.o)
                              CMakeFiles/pico2.dir/pico2_main.c.o (atoi)
/usr/lib/gcc/arm-none-eabi/14.2.0/../../../../arm-none-eabi/lib/thumb/v6-m/nofp/libg.a(libc_a-calloc.o)
                              CMakeFiles/pico2.dir/home/karl/pico/pico-sdk/src/rp2_common/pico_malloc/malloc.c.o (calloc)
/usr/lib/gcc/arm-none-eabi/14.2.0/../../../../arm-none-eabi/lib/thumb/v6-m/nofp/libg.a(libc_a-callocr.o)
                              /usr/lib/gcc/arm-none-eabi/14.2.0/../../../../arm-none-eabi/lib/thumb/v6-m/nofp/libg.a(libc_a-calloc.o) (_calloc_r)
/usr/lib/gcc/arm-none-eabi/14.2.0/../../../../arm-none-eabi/lib/thumb/v6-m/nofp/libg.a(libc_a-malloc.o)
                              CMakeFiles/pico2.dir/home/karl/pico/pico-sdk/src/rp2_common/pico_malloc/malloc.c.o (malloc)
/usr/lib/gcc/arm-none-eabi/14.2.0/../../../../arm-none-eabi/lib/thumb/v6-m/nofp/libg.a(libc_a-mallocr.o)
                              /usr/lib/gcc/arm-none-eabi/14.2.0/../../../../arm-none-eabi/lib/thumb/v6-m/nofp/libg.a(libc_a-callocr.o) (_malloc_r)
/usr/lib/gcc/arm-none-eabi/14.2.0/../../../../arm-none-eabi/lib/thumb/v6-m/nofp/libg.a(libc_a-mlock.o)
                              /usr/lib/gcc/arm-none-eabi/14.2.0/../../../../arm-none-eabi/lib/thumb/v6-m/nofp/libg.a(libc_a-mallocr.o) (__malloc_lock)
/usr/lib/gcc/arm-none-eabi/14.2.0/../../../../arm-none-eabi/lib/thumb/v6-m/nofp/libg.a(libc_a-realloc.o)
                              CMakeFiles/pico2.dir/home/karl/pico/pico-sdk/src/rp2_common/pico_malloc/malloc.c.o (realloc)
/usr/lib/gcc/arm-none-eabi/14.2.0/../../../../arm-none-eabi/lib/thumb/v6-m/nofp/libg.a(libc_a-reallocr.o)
                              /usr/lib/gcc/arm-none-eabi/14.2.0/../../../../arm-none-eabi/lib/thumb/v6-m/nofp/libg.a(libc_a-realloc.o) (_realloc_r)
/usr/lib/gcc/arm-none-eabi/14.2.0/../../../../arm-none-eabi/lib/thumb/v6-m/nofp/libg.a(libc_a-strtol.o)
                              /usr/lib/gcc/arm-none-eabi/14.2.0/../../../../arm-none-eabi/lib/thumb/v6-m/nofp/libg.a(libc_a-atoi.o) (_strtol_r)
/usr/lib/gcc/arm-none-eabi/14.2.0/../../../../arm-none-eabi/lib/thumb/v6-m/nofp/libg.a(libc_a-ctype_.o)
                              CMakeFiles/pico2.dir/pico2_main.c.o (_ctype_)
/usr/lib/gcc/arm-none-eabi/14.2.0/../../../../arm-none-eabi/lib/thumb/v6-m/nofp/libg.a(libc_a-fflush.o)
                              CMakeFiles/pico2.dir/pico2_main.c.o (fflush)
/usr/lib/gcc/arm-none-eabi/14.2.0/../../../../arm-none-eabi/lib/thumb/v6-m/nofp/libg.a(libc_a-findfp.o)
                              /usr/lib/gcc/arm-none-eabi/14.2.0/../../../../arm-none-eabi/lib/thumb/v6-m/nofp/libg.a(libc_a-fflush.o) (__sglue)
/usr/lib/gcc/arm-none-eabi/14.2.0/../../../../arm-none-eabi/lib/thumb/v6-m/nofp/libg.a(libc_a-fwalk.o)
                              /usr/lib/gcc/arm-none-eabi/14.2.0/../../../../arm-none-eabi/lib/thumb/v6-m/nofp/libg.a(libc_a-fflush.o) (_fwalk_sglue)
/usr/lib/gcc/arm-none-eabi/14.2.0/../../../../arm-none-eabi/lib/thumb/v6-m/nofp/libg.a(libc_a-stdio.o)
                              /usr/lib/gcc/arm-none-eabi/14.2.0/../../../../arm-none-eabi/lib/thumb/v6-m/nofp/libg.a(libc_a-findfp.o) (__sread)
/usr/lib/gcc/arm-none-eabi/14.2.0/../../../../arm-none-eabi/lib/thumb/v6-m/nofp/libg.a(libc_a-memcmp.o)
                              CMakeFiles/pico2.dir/home/karl/pico/pico-sdk/src/rp2_common/pico_atomic/atomic.c.o (memcmp)
/usr/lib/gcc/arm-none-eabi/14.2.0/../../../../arm-none-eabi/lib/thumb/v6-m/nofp/libg.a(libc_a-memmove.o)
                              /usr/lib/gcc/arm-none-eabi/14.2.0/../../../../arm-none-eabi/lib/thumb/v6-m/nofp/libg.a(libc_a-reallocr.o) (memmove)
/usr/lib/gcc/arm-none-eabi/14.2.0/../../../../arm-none-eabi/lib/thumb/v6-m/nofp/libg.a(libc_a-strcspn.o)
                              CMakeFiles/pico2.dir/pico2_main.c.o (strcspn)
/usr/lib/gcc/arm-none-eabi/14.2.0/../../../../arm-none-eabi/lib/thumb/v6-m/nofp/libg.a(libc_a-lcltime_r.o)
                              CMakeFiles/pico2.dir/home/karl/pico/pico-sdk/src/common/pico_util/datetime.c.o (localtime_r)
/usr/lib/gcc/arm-none-eabi/14.2.0/../../../../arm-none-eabi/lib/thumb/v6-m/nofp/libg.a(libc_a-mktime.o)
                              CMakeFiles/pico2.dir/home/karl/pico/pico-sdk/src/common/pico_util/datetime.c.o (mktime)
/usr/lib/gcc/arm-none-eabi/14.2.0/../../../../arm-none-eabi/lib/thumb/v6-m/nofp/libg.a(libc_a-month_lengths.o)
[...]
Memory Configuration

Name             Origin             Length             Attributes
FLASH            0x10000000         0x00200000         xr
RAM              0x20000000         0x00040000         xrw
SCRATCH_X        0x20040000         0x00001000         xrw
SCRATCH_Y        0x20041000         0x00001000         xrw
*default*        0x00000000         0xffffffff

Linker script and memory map

LOAD /usr/lib/gcc/arm-none-eabi/14.2.0/thumb/v6-m/nofp/crti.o
LOAD /usr/lib/gcc/arm-none-eabi/14.2.0/thumb/v6-m/nofp/crtbegin.o
LOAD /usr/lib/gcc/arm-none-eabi/14.2.0/../../../../arm-none-eabi/lib/thumb/v6-m/nofp/crt0.o

.flash_begin    0x10000000        0x0
                0x10000000                        __flash_binary_start = .

.boot2          0x10000000      0x100
                0x10000000                        __boot2_start__ = .
 *(.boot2)
 .boot2         0x10000000      0x100 pico-sdk/src/rp2040/boot_stage2/CMakeFiles/bs2_default_library.dir/bs2_default_padded_checksummed.S.o
                0x10000100                        __boot2_end__ = .
                0x00000001                        ASSERT (((__boot2_end__ - __boot2_start__) == 0x100), ERROR: Pico second stage bootloader must be 256 bytes in size)

.text           0x10000100     0x79d0
                0x10000100                        __logical_binary_start = .
 *(.vectors)
 .vectors       0x10000100       0xd4 CMakeFiles/pico2.dir/home/karl/pico/pico-sdk/src/rp2_common/pico_crt0/crt0.S.o
                0x10000100                __vectors
                0x10000100                __VECTOR_TABLE
                0x100001c0                isr_irq30
                0x100001c0                __unhandled_user_irq
                0x100001c0                isr_irq13
                0x100001c0                isr_irq27
                0x100001c0                isr_irq31
                0x100001c0                isr_irq5
                0x100001c0                isr_irq11
                0x100001c0                isr_irq23
                0x100001c0                isr_irq18
                0x100001c0                isr_irq28
                0x100001c0                isr_irq19
                0x100001c0                isr_irq0
                0x100001c0                isr_irq6
                0x100001c0                isr_irq22
                0x100001c0                isr_irq17
                0x100001c0                isr_irq14
                0x100001c0                __vectors_end
                0x100001c0                __default_isrs_start
                0x100001c0                isr_irq2
                0x100001c0                isr_irq10
                0x100001c0                isr_irq8
                0x100001c0                isr_irq24
                0x100001c0                isr_irq1
                0x100001c0                isr_irq7
                0x100001c0                isr_irq21
                0x100001c0                isr_irq20
                0x100001c0                isr_irq15
                0x100001c0                isr_irq25
                0x100001c0                isr_irq4
                0x100001c0                isr_irq16
                0x100001c0                isr_irq29
                0x100001c0                isr_irq26
                0x100001c0                isr_irq3
                0x100001c0                isr_irq12
                0x100001c0                isr_irq9
                0x100001c6                unhandled_user_irq_num_in_r0
                0x100001c8                isr_invalid
                0x100001ca                isr_nmi
                0x100001cc                isr_hardfault
                0x100001ce                isr_svcall
                0x100001d0                isr_pendsv
                0x100001d2                isr_systick
                0x100001d4                __default_isrs_end
 *(.binary_info_header)
 .binary_info_header
                0x100001d4       0x14 CMakeFiles/pico2.dir/home/karl/pico/pico-sdk/src/rp2_common/pico_crt0/crt0.S.o
                0x100001e8                        __binary_info_header_end = .
 *(.embedded_block)
                0x100001e8                        __embedded_block_end = .
 *(.reset)
 .reset         0x100001e8       0x9c CMakeFiles/pico2.dir/home/karl/pico/pico-sdk/src/rp2_common/pico_crt0/crt0.S.o
                0x100001e8                _entry_point
 *(.init)
 .init          0x10000284        0x4 /usr/lib/gcc/arm-none-eabi/14.2.0/thumb/v6-m/nofp/crti.o
                0x10000284                _init
 *(EXCLUDE_FILE(*libm.a: *libc.a:*lib_a-mem*.o *libgcc.a:) .text*)
 .text.frame_dummy
                0x10000288       0x20 /usr/lib/gcc/arm-none-eabi/14.2.0/thumb/v6-m/nofp/crtbegin.o
 .text.music    0x100002a8       0xcc CMakeFiles/pico2.dir/pico2_main.c.o
                0x100002a8                music
 .text.time_user_is_sitting
                0x10000374      0x170 CMakeFiles/pico2.dir/pico2_main.c.o
                0x10000374                time_user_is_sitting
 .text.startup.main
                0x100004e4      0x208 CMakeFiles/pico2.dir/pico2_main.c.o
                0x100004e4                main
 .text.gpio_set_function
                0x100006ec       0x34 CMakeFiles/pico2.dir/home/karl/pico/pico-sdk/src/rp2_common/hardware_gpio/gpio.c.o
                0x100006ec                gpio_set_function
 .text.gpio_init
                0x10000720       0x40 CMakeFiles/pico2.dir/home/karl/pico/pico-sdk/src/rp2_common/hardware_gpio/gpio.c.o
                0x10000720                gpio_init
 .text.rp2040_chip_version
                0x10000760        0xc CMakeFiles/pico2.dir/home/karl/pico/pico-sdk/src/rp2040/pico_platform/platform.c.o
                0x10000760                rp2040_chip_version
 .text.panic    0x1000076c       0x30 CMakeFiles/pico2.dir/home/karl/pico/pico-sdk/src/rp2_common/pico_platform_panic/panic.c.o
                0x1000076c                panic
 .text.hw_claim_or_assert
                0x1000079c       0x44 CMakeFiles/pico2.dir/home/karl/pico/pico-sdk/src/common/hardware_claim/claim.c.o
                0x1000079c                hw_claim_or_assert
 .text.hw_claim_unused_from_range
                0x100007e0       0x88 CMakeFiles/pico2.dir/home/karl/pico/pico-sdk/src/common/hardware_claim/claim.c.o
                0x100007e0                hw_claim_unused_from_range
 .text.next_striped_spin_lock_num
                0x10000868       0x18 CMakeFiles/pico2.dir/home/karl/pico/pico-sdk/src/rp2_common/hardware_sync/sync.c.o
                0x10000868                next_striped_spin_lock_num
 .text.spin_lock_claim_unused
                0x10000880       0x24 CMakeFiles/pico2.dir/home/karl/pico/pico-sdk/src/rp2_common/hardware_sync/sync.c.o
                0x10000880                spin_lock_claim_unused
 .text.spin_locks_reset
                0x100008a4       0x1c CMakeFiles/pico2.dir/home/karl/pico/pico-sdk/src/rp2_common/hardware_sync_spin_lock/sync_spin_lock.c.o
                0x100008a4                spin_locks_reset
 .text.runtime_init_per_core_irq_priorities
                0x100008c0       0x24 CMakeFiles/pico2.dir/home/karl/pico/pico-sdk/src/rp2_common/hardware_irq/irq.c.o
                0x100008c0                runtime_init_per_core_irq_priorities
 .text.irq_set_enabled
                0x100008e4       0x24 CMakeFiles/pico2.dir/home/karl/pico/pico-sdk/src/rp2_common/hardware_irq/irq.c.o
                0x100008e4                irq_set_enabled
 .text.irq_is_enabled
                0x10000908       0x18 CMakeFiles/pico2.dir/home/karl/pico/pico-sdk/src/rp2_common/hardware_irq/irq.c.o
                0x10000908                irq_is_enabled
 .text.irq_set_pending
                0x10000920       0x10 CMakeFiles/pico2.dir/home/karl/pico/pico-sdk/src/rp2_common/hardware_irq/irq.c.o
                0x10000920                irq_set_pending
 .text.irq_has_shared_handler
                0x10000930       0x24 CMakeFiles/pico2.dir/home/karl/pico/pico-sdk/src/rp2_common/hardware_irq/irq.c.o
                0x10000930                irq_has_shared_handler
 .text.irq_set_exclusive_handler
                0x10000954       0x54 CMakeFiles/pico2.dir/home/karl/pico/pico-sdk/src/rp2_common/hardware_irq/irq.c.o
                0x10000954                irq_set_exclusive_handler
 .text.irq_add_shared_handler
                0x100009a8      0x1f4 CMakeFiles/pico2.dir/home/karl/pico/pico-sdk/src/rp2_common/hardware_irq/irq.c.o
                0x100009a8                irq_add_shared_handler
 .text.irq_add_tail_to_free_list
                0x10000b9c       0xb4 CMakeFiles/pico2.dir/home/karl/pico/pico-sdk/src/rp2_common/hardware_irq/irq.c.o
                0x10000b9c                irq_add_tail_to_free_list
 .text.user_irq_claim_unused
                0x10000c50       0x2c CMakeFiles/pico2.dir/home/karl/pico/pico-sdk/src/rp2_common/hardware_irq/irq.c.o
                0x10000c50                user_irq_claim_unused
 .text.lock_init
                0x10000c7c       0x10 CMakeFiles/pico2.dir/home/karl/pico/pico-sdk/src/common/pico_sync/lock_core.c.o
                0x10000c7c                lock_init
 .text.runtime_init_mutex
                0x10000c8c       0x50 CMakeFiles/pico2.dir/home/karl/pico/pico-sdk/src/common/pico_sync/mutex.c.o
                0x10000c8c                runtime_init_mutex
 .text.mutex_init
                0x10000cdc       0x1c CMakeFiles/pico2.dir/home/karl/pico/pico-sdk/src/common/pico_sync/mutex.c.o
                0x10000cdc                mutex_init
 .text.critical_section_init
                0x10000cf8       0x1c CMakeFiles/pico2.dir/home/karl/pico/pico-sdk/src/common/pico_sync/critical_section.c.o
                0x10000cf8                critical_section_init
 .text.critical_section_init_with_lock_num
                0x10000d14       0x14 CMakeFiles/pico2.dir/home/karl/pico/pico-sdk/src/common/pico_sync/critical_section.c.o
                0x10000d14                critical_section_init_with_lock_num
 .text.sleep_until_callback
                0x10000d28       0x30 CMakeFiles/pico2.dir/home/karl/pico/pico-sdk/src/common/pico_time/time.c.o
 .text.alarm_pool_irq_handler
                0x10000d58      0x300 CMakeFiles/pico2.dir/home/karl/pico/pico-sdk/src/common/pico_time/time.c.o
 .text.runtime_init_default_alarm_pool
                0x10001058       0xdc CMakeFiles/pico2.dir/home/karl/pico/pico-sdk/src/common/pico_time/time.c.o
                0x10001058                runtime_init_default_alarm_pool
 .text.alarm_pool_get_default
                0x10001134        0x8 CMakeFiles/pico2.dir/home/karl/pico/pico-sdk/src/common/pico_time/time.c.o
                0x10001134                alarm_pool_get_default
 .text.alarm_pool_add_alarm_at
                0x1000113c       0xd0 CMakeFiles/pico2.dir/home/karl/pico/pico-sdk/src/common/pico_time/time.c.o
                0x1000113c                alarm_pool_add_alarm_at
 .text.alarm_pool_add_alarm_at_force_in_context
                0x1000120c       0xb0 CMakeFiles/pico2.dir/home/karl/pico/pico-sdk/src/common/pico_time/time.c.o
                0x1000120c                alarm_pool_add_alarm_at_force_in_context
 .text.alarm_pool_cancel_alarm
                0x100012bc       0x74 CMakeFiles/pico2.dir/home/karl/pico/pico-sdk/src/common/pico_time/time.c.o
                0x100012bc                alarm_pool_cancel_alarm
 .text.alarm_pool_core_num
                0x10001330        0x4 CMakeFiles/pico2.dir/home/karl/pico/pico-sdk/src/common/pico_time/time.c.o
                0x10001330                alarm_pool_core_num
 .text.sleep_us
                0x10001334       0xec CMakeFiles/pico2.dir/home/karl/pico/pico-sdk/src/common/pico_time/time.c.o
                0x10001334                sleep_us
 .text.sleep_ms
                0x10001420       0xfc CMakeFiles/pico2.dir/home/karl/pico/pico-sdk/src/common/pico_time/time.c.o
                0x10001420                sleep_ms
 .text.best_effort_wfe_or_timeout
                0x1000151c      0x10c CMakeFiles/pico2.dir/home/karl/pico/pico-sdk/src/common/pico_time/time.c.o
                0x1000151c                best_effort_wfe_or_timeout
 .text.timer_hardware_alarm_claim
                0x10001628       0x14 CMakeFiles/pico2.dir/home/karl/pico/pico-sdk/src/rp2_common/hardware_timer/timer.c.o
                0x10001628                timer_hardware_alarm_claim
 .text.timer_time_us_64
                0x1000163c       0x10 CMakeFiles/pico2.dir/home/karl/pico/pico-sdk/src/rp2_common/hardware_timer/timer.c.o
                0x1000163c                timer_time_us_64
 .text.time_us_64
                0x1000164c       0x14 CMakeFiles/pico2.dir/home/karl/pico/pico-sdk/src/rp2_common/hardware_timer/timer.c.o
                0x1000164c                time_us_64
 .text.busy_wait_us
                0x10001660       0x68 CMakeFiles/pico2.dir/home/karl/pico/pico-sdk/src/rp2_common/hardware_timer/timer.c.o
                0x10001660                busy_wait_us
 .text.busy_wait_until
                0x100016c8       0x20 CMakeFiles/pico2.dir/home/karl/pico/pico-sdk/src/rp2_common/hardware_timer/timer.c.o
                0x100016c8                busy_wait_until
 .text.uart_init
                0x100016e8      0x120 CMakeFiles/pico2.dir/home/karl/pico/pico-sdk/src/rp2_common/hardware_uart/uart.c.o
                0x100016e8                uart_init
 .text.clock_configure_int_divider
                0x10001808       0xf4 CMakeFiles/pico2.dir/home/karl/pico/pico-sdk/src/rp2_common/hardware_clocks/clocks.c.o
                0x10001808                clock_configure_int_divider
 .text.clock_configure_undivided
                0x100018fc       0xe8 CMakeFiles/pico2.dir/home/karl/pico/pico-sdk/src/rp2_common/hardware_clocks/clocks.c.o
                0x100018fc                clock_configure_undivided
 .text.clock_get_hz
                0x100019e4        0xc CMakeFiles/pico2.dir/home/karl/pico/pico-sdk/src/rp2_common/hardware_clocks/clocks.c.o
                0x100019e4                clock_get_hz
 .text.pll_init
                0x100019f0       0xa4 CMakeFiles/pico2.dir/home/karl/pico/pico-sdk/src/rp2_common/hardware_pll/pll.c.o
                0x100019f0                pll_init
 .text.watchdog_reboot
                0x10001a94       0x9c CMakeFiles/pico2.dir/home/karl/pico/pico-sdk/src/rp2_common/hardware_watchdog/watchdog.c.o
                0x10001a94                watchdog_reboot
 .text.tick_start
                0x10001b30       0x10 CMakeFiles/pico2.dir/home/karl/pico/pico-sdk/src/rp2_common/hardware_ticks/ticks.c.o
                0x10001b30                tick_start
 .text.rom_func_lookup
                0x10001b40       0x10 CMakeFiles/pico2.dir/home/karl/pico/pico-sdk/src/rp2_common/pico_bootrom/bootrom.c.o
                0x10001b40                rom_func_lookup
 .text.rom_data_lookup
                0x10001b50       0x10 CMakeFiles/pico2.dir/home/karl/pico/pico-sdk/src/rp2_common/pico_bootrom/bootrom.c.o
                0x10001b50                rom_data_lookup
 .text.rom_funcs_lookup
                0x10001b60       0x44 CMakeFiles/pico2.dir/home/karl/pico/pico-sdk/src/rp2_common/pico_bootrom/bootrom.c.o
                0x10001b60                rom_funcs_lookup
 .text.rom_reset_usb_boot_extra
                0x10001ba4       0x24 CMakeFiles/pico2.dir/home/karl/pico/pico-sdk/src/rp2_common/pico_bootrom/bootrom.c.o
                0x10001ba4                rom_reset_usb_boot_extra
 .text.xosc_init
                0x10001bc8       0x28 CMakeFiles/pico2.dir/home/karl/pico/pico-sdk/src/rp2_common/hardware_xosc/xosc.c.o
                0x10001bc8                xosc_init
 .text.first_per_core_initializer
                0x10001bf0        0x4 CMakeFiles/pico2.dir/home/karl/pico/pico-sdk/src/rp2_common/pico_runtime/runtime.c.o
 .text.hard_assertion_failure
                0x10001bf4        0xc CMakeFiles/pico2.dir/home/karl/pico/pico-sdk/src/rp2_common/pico_runtime/runtime.c.o
                0x10001bf4                hard_assertion_failure
 .text.runtime_run_initializers
                0x10001c00       0x28 CMakeFiles/pico2.dir/home/karl/pico/pico-sdk/src/rp2_common/pico_runtime/runtime.c.o
                0x10001c00                runtime_run_initializers
 .text.runtime_init_early_resets
                0x10001c28       0x2c CMakeFiles/pico2.dir/home/karl/pico/pico-sdk/src/rp2_common/pico_runtime_init/runtime_init.c.o
                0x10001c28                runtime_init_early_resets
 .text.runtime_init_usb_power_down
                0x10001c54       0x1c CMakeFiles/pico2.dir/home/karl/pico/pico-sdk/src/rp2_common/pico_runtime_init/runtime_init.c.o
                0x10001c54                runtime_init_usb_power_down
 .text.runtime_init_post_clock_resets
                0x10001c70       0x20 CMakeFiles/pico2.dir/home/karl/pico/pico-sdk/src/rp2_common/pico_runtime_init/runtime_init.c.o
                0x10001c70                runtime_init_post_clock_resets
 .text.runtime_init_rp2040_gpio_ie_disable
                0x10001c90       0x14 CMakeFiles/pico2.dir/home/karl/pico/pico-sdk/src/rp2_common/pico_runtime_init/runtime_init.c.o
                0x10001c90                runtime_init_rp2040_gpio_ie_disable
 .text.runtime_init_spin_locks_reset
                0x10001ca4        0x8 CMakeFiles/pico2.dir/home/karl/pico/pico-sdk/src/rp2_common/pico_runtime_init/runtime_init.c.o
                0x10001ca4                runtime_init_spin_locks_reset
 .text.runtime_init_install_ram_vector_table
                0x10001cac       0xb4 CMakeFiles/pico2.dir/home/karl/pico/pico-sdk/src/rp2_common/pico_runtime_init/runtime_init.c.o
                0x10001cac                runtime_init_install_ram_vector_table
 .text.runtime_init_clocks
                0x10001d60       0xd8 CMakeFiles/pico2.dir/home/karl/pico/pico-sdk/src/rp2_common/pico_runtime_init/runtime_init_clocks.c.o
                0x10001d60                runtime_init_clocks
 .text          0x10001e38       0x10 CMakeFiles/pico2.dir/home/karl/pico/pico-sdk/src/rp2_common/pico_bit_ops/bit_ops_aeabi.S.o
 .text.__wrap___aeabi_idiv
                0x10001e48       0x50 CMakeFiles/pico2.dir/home/karl/pico/pico-sdk/src/rp2_common/pico_divider/divider_hardware.S.o
                0x10001e48                __wrap___aeabi_idivmod
                0x10001e48                divmod_s32s32
                0x10001e48                div_s32s32
                0x10001e48                __wrap___aeabi_idiv
                0x10001e50                divmod_s32s32_unsafe
                0x10001e7c                divmod_s32s32_savestate
 .text.__wrap___aeabi_uidiv
                0x10001e98       0x4c CMakeFiles/pico2.dir/home/karl/pico/pico-sdk/src/rp2_common/pico_divider/divider_hardware.S.o
                0x10001e98                __wrap___aeabi_uidiv
                0x10001e98                __wrap___aeabi_uidivmod
                0x10001e98                div_u32u32
                0x10001e98                divmod_u32u32
                0x10001ea0                divmod_u32u32_unsafe
                0x10001ec8                divmod_u32u32_savestate
 .text.__wrap___aeabi_ldiv
                0x10001ee4      0x424 CMakeFiles/pico2.dir/home/karl/pico/pico-sdk/src/rp2_common/pico_divider/divider_hardware.S.o
                0x10001ee4                div_s64s64
                0x10001ee4                divmod_s64s64
                0x10001ee4                __wrap___aeabi_ldivmod
                0x10001f14                div_u64u64
                0x10001f14                divmod_u64u64
                0x10001f14                __wrap___aeabi_uldivmod
                0x10001f24                divmod_u64u64_savestate
                0x10001f44                divmod_s64s64_unsafe
                0x10001fcc                divmod_u64u64_unsafe
 .text.__wrap___aeabi_darithmetic
                0x10002308       0x60 CMakeFiles/pico2.dir/home/karl/pico/pico-sdk/src/rp2_common/pico_double/double_aeabi_rp2040.S.o
                0x10002308                __wrap___aeabi_drsub
                0x1000230e                __wrap___aeabi_dsub
                0x10002318                __wrap___aeabi_dadd
                0x10002322                __wrap___aeabi_ddiv
                0x10002356                __wrap___aeabi_dmul
 .text.__wrap___aeabi_cdcmple
                0x10002368       0x6c CMakeFiles/pico2.dir/home/karl/pico/pico-sdk/src/rp2_common/pico_double/double_aeabi_rp2040.S.o
                0x10002368                __wrap___aeabi_cdrcmple
                0x10002378                __wrap___aeabi_cdcmple
                0x10002378                __wrap___aeabi_cdcmpeq
 .text.__wrap___aeabi_dcmplt
                0x100023d4        0xc CMakeFiles/pico2.dir/home/karl/pico/pico-sdk/src/rp2_common/pico_double/double_aeabi_rp2040.S.o
                0x100023d4                __wrap___aeabi_dcmplt
 .text.__wrap___aeabi_dcmple
                0x100023e0       0x10 CMakeFiles/pico2.dir/home/karl/pico/pico-sdk/src/rp2_common/pico_double/double_aeabi_rp2040.S.o
                0x100023e0                __wrap___aeabi_dcmple
 .text.__wrap___aeabi_dcmpge
                0x100023f0       0x10 CMakeFiles/pico2.dir/home/karl/pico/pico-sdk/src/rp2_common/pico_double/double_aeabi_rp2040.S.o
                0x100023f0                __wrap___aeabi_dcmpge
 .text.__wrap___aeabi_dcmpgt
                0x10002400        0xa CMakeFiles/pico2.dir/home/karl/pico/pico-sdk/src/rp2_common/pico_double/double_aeabi_rp2040.S.o
                0x10002400                __wrap___aeabi_dcmpgt
 .text.__wrap___aeabi_dcmpun
                0x1000240a       0x18 CMakeFiles/pico2.dir/home/karl/pico/pico-sdk/src/rp2_common/pico_double/double_aeabi_rp2040.S.o
                0x1000240a                __wrap___aeabi_dcmpun
 *fill*         0x10002422        0x2 
 .text.__wrap___aeabi_i2d
                0x10002424       0x38 CMakeFiles/pico2.dir/home/karl/pico/pico-sdk/src/rp2_common/pico_double/double_aeabi_rp2040.S.o
                0x10002424                __wrap___aeabi_ui2d
                0x10002424                uint2double
                0x1000242c                __wrap___aeabi_i2d
                0x1000242c                int2double
 .text.__wrap___aeabi_d2iz
                0x1000245c       0x48 CMakeFiles/pico2.dir/home/karl/pico/pico-sdk/src/rp2_common/pico_double/double_aeabi_rp2040.S.o
                0x1000245c                __wrap___aeabi_d2iz
                0x1000245c                double2int_z
 .text.__wrap___aeabi_d2uiz
                0x100024a4       0x10 CMakeFiles/pico2.dir/home/karl/pico/pico-sdk/src/rp2_common/pico_double/double_aeabi_rp2040.S.o
                0x100024a4                double2uint_z
                0x100024a4                double2uint
                0x100024a4                __wrap___aeabi_d2uiz
 .text.__wrap___aeabi_ul2d
                0x100024b4       0x10 CMakeFiles/pico2.dir/home/karl/pico/pico-sdk/src/rp2_common/pico_double/double_aeabi_rp2040.S.o
                0x100024b4                uint642double
                0x100024b4                __wrap___aeabi_ul2d
 .text.__wrap___aeabi_d2f
                0x100024c4       0x10 CMakeFiles/pico2.dir/home/karl/pico/pico-sdk/src/rp2_common/pico_double/double_aeabi_rp2040.S.o
                0x100024c4                __wrap___aeabi_d2f
 .text.missing_double_func_shim
                0x100024d4        0xc CMakeFiles/pico2.dir/home/karl/pico/pico-sdk/src/rp2_common/pico_double/double_init_rom_rp2040.c.o
 .text.__aeabi_double_init
                0x100024e0       0xa0 CMakeFiles/pico2.dir/home/karl/pico/pico-sdk/src/rp2_common/pico_double/double_init_rom_rp2040.c.o
                0x100024e0                __aeabi_double_init
 .text.double_table_shim_on_use_helper
                0x10002580       0x2c CMakeFiles/pico2.dir/home/karl/pico/pico-sdk/src/rp2_common/pico_double/double_v1_rom_shim_rp2040.S.o
                0x10002580                double_table_shim_on_use_helper
 .text.__aeabi_lmul
                0x100025ac       0x32 CMakeFiles/pico2.dir/home/karl/pico/pico-sdk/src/rp2_common/pico_int64_ops/pico_int64_ops_aeabi.S.o
                0x100025ac                __wrap___aeabi_lmul
 *fill*         0x100025de        0x2 
 .text.__wrap___aeabi_farithmetic
                0x100025e0       0x48 CMakeFiles/pico2.dir/home/karl/pico/pico-sdk/src/rp2_common/pico_float/float_aeabi_rp2040.S.o
                0x100025e0                __wrap___aeabi_frsub
                0x100025e6                __wrap___aeabi_fsub
                0x100025ec                __wrap___aeabi_fadd
                0x100025f2                __wrap___aeabi_fdiv
                0x1000261a                __wrap___aeabi_fmul
 .text.__wrap___aeabi_cfcmple
                0x10002628       0x50 CMakeFiles/pico2.dir/home/karl/pico/pico-sdk/src/rp2_common/pico_float/float_aeabi_rp2040.S.o
                0x10002628                __wrap___aeabi_cfrcmple
                0x10002634                __wrap___aeabi_cfcmpeq
                0x10002634                __wrap___aeabi_cfcmple
 .text.__wrap___aeabi_fcmplt
                0x10002678        0xc CMakeFiles/pico2.dir/home/karl/pico/pico-sdk/src/rp2_common/pico_float/float_aeabi_rp2040.S.o
                0x10002678                __wrap___aeabi_fcmplt
 .text.__wrap___aeabi_ui2f
                0x10002684        0xa CMakeFiles/pico2.dir/home/karl/pico/pico-sdk/src/rp2_common/pico_float/float_aeabi_rp2040.S.o
                0x10002684                uint2float
                0x10002684                __wrap___aeabi_ui2f
 *fill*         0x1000268e        0x2 
 .text.__wrap___aeabi_i2f
                0x10002690       0x44 CMakeFiles/pico2.dir/home/karl/pico/pico-sdk/src/rp2_common/pico_float/float_aeabi_rp2040.S.o
                0x10002690                int2float
                0x10002690                __wrap___aeabi_i2f
 .text.__wrap___aeabi_f2uiz
                0x100026d4        0xc CMakeFiles/pico2.dir/home/karl/pico/pico-sdk/src/rp2_common/pico_float/float_aeabi_rp2040.S.o
                0x100026d4                float2uint
                0x100026d4                float2uint_z
                0x100026d4                __wrap___aeabi_f2uiz
 .text.missing_float_func_shim
                0x100026e0        0xc CMakeFiles/pico2.dir/home/karl/pico/pico-sdk/src/rp2_common/pico_float/float_init_rom_rp2040.c.o
 .text.__aeabi_float_init
                0x100026ec       0x5c CMakeFiles/pico2.dir/home/karl/pico/pico-sdk/src/rp2_common/pico_float/float_init_rom_rp2040.c.o
                0x100026ec                __aeabi_float_init
 .text          0x10002748       0x10 CMakeFiles/pico2.dir/home/karl/pico/pico-sdk/src/rp2_common/pico_mem_ops/mem_ops_aeabi.S.o
                0x10002748                __aeabi_mem_init
 .text.memset   0x10002758        0xc CMakeFiles/pico2.dir/home/karl/pico/pico-sdk/src/rp2_common/pico_mem_ops/mem_ops_aeabi.S.o
                0x10002758                __wrap_memset
 .text.memcpy   0x10002764        0xc CMakeFiles/pico2.dir/home/karl/pico/pico-sdk/src/rp2_common/pico_mem_ops/mem_ops_aeabi.S.o
                0x10002764                __wrap___aeabi_memcpy
                0x10002764                __wrap_memcpy
 .text._out_null
                0x10002770        0x4 CMakeFiles/pico2.dir/home/karl/pico/pico-sdk/src/rp2_common/pico_printf/printf.c.o
 .text._out_rev
                0x10002774       0xac CMakeFiles/pico2.dir/home/karl/pico/pico-sdk/src/rp2_common/pico_printf/printf.c.o
 .text._ntoa_format
                0x10002820      0x1cc CMakeFiles/pico2.dir/home/karl/pico/pico-sdk/src/rp2_common/pico_printf/printf.c.o
 .text._out_char
                0x100029ec       0x10 CMakeFiles/pico2.dir/home/karl/pico/pico-sdk/src/rp2_common/pico_printf/printf.c.o
 .text._out_fct
                0x100029fc       0x10 CMakeFiles/pico2.dir/home/karl/pico/pico-sdk/src/rp2_common/pico_printf/printf.c.o
 .text._ftoa    0x10002a0c      0x4a8 CMakeFiles/pico2.dir/home/karl/pico/pico-sdk/src/rp2_common/pico_printf/printf.c.o
 .text._etoa    0x10002eb4      0x57c CMakeFiles/pico2.dir/home/karl/pico/pico-sdk/src/rp2_common/pico_printf/printf.c.o
 .text._vsnprintf
                0x10003430      0xbe0 CMakeFiles/pico2.dir/home/karl/pico/pico-sdk/src/rp2_common/pico_printf/printf.c.o
 .text.vfctprintf
                0x10004010       0x24 CMakeFiles/pico2.dir/home/karl/pico/pico-sdk/src/rp2_common/pico_printf/printf.c.o
                0x10004010                vfctprintf
 .text.weak_raw_vprintf
                0x10004034       0x30 CMakeFiles/pico2.dir/home/karl/pico/pico-sdk/src/rp2_common/pico_printf/printf.c.o
                0x10004034                weak_raw_vprintf
 .text._exit    0x10004064        0x4 CMakeFiles/pico2.dir/home/karl/pico/pico-sdk/src/rp2_common/pico_clib_interface/newlib_interface.c.o
                0x10004064                _exit
 .text._sbrk    0x10004068       0x34 CMakeFiles/pico2.dir/home/karl/pico/pico-sdk/src/rp2_common/pico_clib_interface/newlib_interface.c.o
                0x10004068                _sbrk
 .text._read    0x1000409c       0x24 CMakeFiles/pico2.dir/home/karl/pico/pico-sdk/src/rp2_common/pico_clib_interface/newlib_interface.c.o
                0x1000409c                _read
 .text._write   0x100040c0       0x24 CMakeFiles/pico2.dir/home/karl/pico/pico-sdk/src/rp2_common/pico_clib_interface/newlib_interface.c.o
                0x100040c0                _write
 .text._close   0x100040e4        0x8 CMakeFiles/pico2.dir/home/karl/pico/pico-sdk/src/rp2_common/pico_clib_interface/newlib_interface.c.o
                0x100040e4                _close
 .text._lseek   0x100040ec        0x8 CMakeFiles/pico2.dir/home/karl/pico/pico-sdk/src/rp2_common/pico_clib_interface/newlib_interface.c.o
                0x100040ec                _lseek
 .text.exit     0x100040f4        0x8 CMakeFiles/pico2.dir/home/karl/pico/pico-sdk/src/rp2_common/pico_clib_interface/newlib_interface.c.o
                0x100040f4                exit
 .text.runtime_init
                0x100040fc       0x2c CMakeFiles/pico2.dir/home/karl/pico/pico-sdk/src/rp2_common/pico_clib_interface/newlib_interface.c.o
                0x100040fc                runtime_init
 .text.stdio_out_chars_no_crlf
                0x10004128       0x10 CMakeFiles/pico2.dir/home/karl/pico/pico-sdk/src/rp2_common/pico_stdio/stdio.c.o
 .text.stdio_out_chars_crlf
                0x10004138       0xb0 CMakeFiles/pico2.dir/home/karl/pico/pico-sdk/src/rp2_common/pico_stdio/stdio.c.o
 .text.stdio_buffered_printer
                0x100041e8       0x64 CMakeFiles/pico2.dir/home/karl/pico/pico-sdk/src/rp2_common/pico_stdio/stdio.c.o
 .text.stdio_put_string
                0x1000424c       0xfc CMakeFiles/pico2.dir/home/karl/pico/pico-sdk/src/rp2_common/pico_stdio/stdio.c.o
                0x1000424c                stdio_put_string
 .text.stdio_get_until
                0x10004348       0x84 CMakeFiles/pico2.dir/home/karl/pico/pico-sdk/src/rp2_common/pico_stdio/stdio.c.o
                0x10004348                stdio_get_until
 .text.stdio_set_driver_enabled
                0x100043cc       0x30 CMakeFiles/pico2.dir/home/karl/pico/pico-sdk/src/rp2_common/pico_stdio/stdio.c.o
                0x100043cc                stdio_set_driver_enabled
 .text.stdio_init_all
                0x100043fc        0x8 CMakeFiles/pico2.dir/home/karl/pico/pico-sdk/src/rp2_common/pico_stdio/stdio.c.o
                0x100043fc                stdio_init_all
 .text.__wrap_putchar
                0x10004404       0x94 CMakeFiles/pico2.dir/home/karl/pico/pico-sdk/src/rp2_common/pico_stdio/stdio.c.o
                0x10004404                stdio_putchar
                0x10004404                __wrap_putchar
 .text.__wrap_puts
                0x10004498       0x3c CMakeFiles/pico2.dir/home/karl/pico/pico-sdk/src/rp2_common/pico_stdio/stdio.c.o
                0x10004498                __wrap_puts
                0x10004498                stdio_puts
 .text.__wrap_vprintf
                0x100044d4       0xcc CMakeFiles/pico2.dir/home/karl/pico/pico-sdk/src/rp2_common/pico_stdio/stdio.c.o
                0x100044d4                __wrap_vprintf
                0x100044d4                stdio_vprintf
 .text.__wrap_printf
                0x100045a0       0x18 CMakeFiles/pico2.dir/home/karl/pico/pico-sdk/src/rp2_common/pico_stdio/stdio.c.o
                0x100045a0                stdio_printf
                0x100045a0                __wrap_printf
 .text.resetd_init
                0x100045b8        0x4 CMakeFiles/pico2.dir/home/karl/pico/pico-sdk/src/rp2_common/pico_stdio_usb/reset_interface.c.o
 .text.resetd_reset
                0x100045bc        0xc CMakeFiles/pico2.dir/home/karl/pico/pico-sdk/src/rp2_common/pico_stdio_usb/reset_interface.c.o
 .text.resetd_open
                0x100045c8       0x28 CMakeFiles/pico2.dir/home/karl/pico/pico-sdk/src/rp2_common/pico_stdio_usb/reset_interface.c.o
 .text.resetd_xfer_cb
                0x100045f0        0x4 CMakeFiles/pico2.dir/home/karl/pico/pico-sdk/src/rp2_common/pico_stdio_usb/reset_interface.c.o
 .text.resetd_control_xfer_cb
                0x100045f4       0x54 CMakeFiles/pico2.dir/home/karl/pico/pico-sdk/src/rp2_common/pico_stdio_usb/reset_interface.c.o
 .text.tud_descriptor_bos_cb
                0x10004648        0x8 CMakeFiles/pico2.dir/home/karl/pico/pico-sdk/src/rp2_common/pico_stdio_usb/reset_interface.c.o
                0x10004648                tud_descriptor_bos_cb
 .text.tud_vendor_control_xfer_cb
                0x10004650       0x34 CMakeFiles/pico2.dir/home/karl/pico/pico-sdk/src/rp2_common/pico_stdio_usb/reset_interface.c.o
                0x10004650                tud_vendor_control_xfer_cb
 .text.usbd_app_driver_get_cb
                0x10004684        0xc CMakeFiles/pico2.dir/home/karl/pico/pico-sdk/src/rp2_common/pico_stdio_usb/reset_interface.c.o
                0x10004684                usbd_app_driver_get_cb
 .text.tud_cdc_line_coding_cb
                0x10004690       0x2c CMakeFiles/pico2.dir/home/karl/pico/pico-sdk/src/rp2_common/pico_stdio_usb/reset_interface.c.o
                0x10004690                tud_cdc_line_coding_cb
 .text.stdio_usb_set_chars_available_callback
                0x100046bc       0x14 CMakeFiles/pico2.dir/home/karl/pico/pico-sdk/src/rp2_common/pico_stdio_usb/stdio_usb.c.o
                0x100046bc                stdio_usb_set_chars_available_callback
 .text.usb_irq  0x100046d0       0x10 CMakeFiles/pico2.dir/home/karl/pico/pico-sdk/src/rp2_common/pico_stdio_usb/stdio_usb.c.o
 .text.timer_task
                0x100046e0       0x64 CMakeFiles/pico2.dir/home/karl/pico/pico-sdk/src/rp2_common/pico_stdio_usb/stdio_usb.c.o
 .text.stdio_usb_in_chars
                0x10004744       0x8c CMakeFiles/pico2.dir/home/karl/pico/pico-sdk/src/rp2_common/pico_stdio_usb/stdio_usb.c.o
                0x10004744                stdio_usb_in_chars
 .text.stdio_usb_out_flush
                0x100047d0       0x4c CMakeFiles/pico2.dir/home/karl/pico/pico-sdk/src/rp2_common/pico_stdio_usb/stdio_usb.c.o
 .text.stdio_usb_out_chars
                0x1000481c      0x100 CMakeFiles/pico2.dir/home/karl/pico/pico-sdk/src/rp2_common/pico_stdio_usb/stdio_usb.c.o
 .text.low_priority_worker_irq
                0x1000491c       0xc8 CMakeFiles/pico2.dir/home/karl/pico/pico-sdk/src/rp2_common/pico_stdio_usb/stdio_usb.c.o
 .text.stdio_usb_init
                0x100049e4       0xe8 CMakeFiles/pico2.dir/home/karl/pico/pico-sdk/src/rp2_common/pico_stdio_usb/stdio_usb.c.o
                0x100049e4                stdio_usb_init
 .text.tud_descriptor_device_cb
                0x10004acc        0x8 CMakeFiles/pico2.dir/home/karl/pico/pico-sdk/src/rp2_common/pico_stdio_usb/stdio_usb_descriptors.c.o
                0x10004acc                tud_descriptor_device_cb
 .text.tud_descriptor_configuration_cb
                0x10004ad4        0x8 CMakeFiles/pico2.dir/home/karl/pico/pico-sdk/src/rp2_common/pico_stdio_usb/stdio_usb_descriptors.c.o
                0x10004ad4                tud_descriptor_configuration_cb
 .text.tud_descriptor_string_cb
                0x10004adc       0x78 CMakeFiles/pico2.dir/home/karl/pico/pico-sdk/src/rp2_common/pico_stdio_usb/stdio_usb_descriptors.c.o
                0x10004adc                tud_descriptor_string_cb
 .text.startup._retrieve_unique_id_on_boot
                0x10004b54       0x10 CMakeFiles/pico2.dir/home/karl/pico/pico-sdk/src/rp2_common/pico_unique_id/unique_id.c.o
 .text.pico_get_unique_board_id_string
                0x10004b64      0x1a8 CMakeFiles/pico2.dir/home/karl/pico/pico-sdk/src/rp2_common/pico_unique_id/unique_id.c.o
                0x10004b64                pico_get_unique_board_id_string
 .text.flash_get_unique_id
                0x10004d0c       0x3c CMakeFiles/pico2.dir/home/karl/pico/pico-sdk/src/rp2_common/hardware_flash/flash.c.o
                0x10004d0c                flash_get_unique_id
 .text.dcd_init
                0x10004d48       0x90 CMakeFiles/pico2.dir/home/karl/pico/pico-sdk/lib/tinyusb/src/portable/raspberrypi/rp2040/dcd_rp2040.c.o
                0x10004d48                dcd_init
 .text.dcd_int_enable
                0x10004dd8        0xc CMakeFiles/pico2.dir/home/karl/pico/pico-sdk/lib/tinyusb/src/portable/raspberrypi/rp2040/dcd_rp2040.c.o
                0x10004dd8                dcd_int_enable
 .text.dcd_set_address
                0x10004de4       0x14 CMakeFiles/pico2.dir/home/karl/pico/pico-sdk/lib/tinyusb/src/portable/raspberrypi/rp2040/dcd_rp2040.c.o
                0x10004de4                dcd_set_address
 .text.dcd_sof_enable
                0x10004df8       0x1c CMakeFiles/pico2.dir/home/karl/pico/pico-sdk/lib/tinyusb/src/portable/raspberrypi/rp2040/dcd_rp2040.c.o
                0x10004df8                dcd_sof_enable
 .text.dcd_edpt0_status_complete
                0x10004e14       0x1c CMakeFiles/pico2.dir/home/karl/pico/pico-sdk/lib/tinyusb/src/portable/raspberrypi/rp2040/dcd_rp2040.c.o
                0x10004e14                dcd_edpt0_status_complete
 .text.dcd_edpt_open
                0x10004e30      0x114 CMakeFiles/pico2.dir/home/karl/pico/pico-sdk/lib/tinyusb/src/portable/raspberrypi/rp2040/dcd_rp2040.c.o
                0x10004e30                dcd_edpt_open
 .text.dcd_edpt_close_all
                0x10004f44        0x8 CMakeFiles/pico2.dir/home/karl/pico/pico-sdk/lib/tinyusb/src/portable/raspberrypi/rp2040/dcd_rp2040.c.o
                0x10004f44                dcd_edpt_close_all
 .text.dcd_edpt_xfer
                0x10004f4c       0x24 CMakeFiles/pico2.dir/home/karl/pico/pico-sdk/lib/tinyusb/src/portable/raspberrypi/rp2040/dcd_rp2040.c.o
                0x10004f4c                dcd_edpt_xfer
 .text.dcd_edpt_stall
                0x10004f70       0x3c CMakeFiles/pico2.dir/home/karl/pico/pico-sdk/lib/tinyusb/src/portable/raspberrypi/rp2040/dcd_rp2040.c.o
                0x10004f70                dcd_edpt_stall
 .text.dcd_edpt_clear_stall
                0x10004fac       0x30 CMakeFiles/pico2.dir/home/karl/pico/pico-sdk/lib/tinyusb/src/portable/raspberrypi/rp2040/dcd_rp2040.c.o
                0x10004fac                dcd_edpt_clear_stall
 .text.rp2040_usb_init
                0x10004fdc       0x40 CMakeFiles/pico2.dir/home/karl/pico/pico-sdk/lib/tinyusb/src/portable/raspberrypi/rp2040/rp2040_usb.c.o
                0x10004fdc                rp2040_usb_init
 .text.hw_endpoint_xfer_start
                0x1000501c       0x40 CMakeFiles/pico2.dir/home/karl/pico/pico-sdk/lib/tinyusb/src/portable/raspberrypi/rp2040/rp2040_usb.c.o
                0x1000501c                hw_endpoint_xfer_start
 .text.tud_event_hook_cb
                0x1000505c        0x4 CMakeFiles/pico2.dir/home/karl/pico/pico-sdk/lib/tinyusb/src/device/usbd.c.o
                0x1000505c                tud_event_hook_cb
 .text.tud_sof_cb
                0x10005060        0x4 CMakeFiles/pico2.dir/home/karl/pico/pico-sdk/lib/tinyusb/src/device/usbd.c.o
                0x10005060                tud_sof_cb
 .text.tud_descriptor_device_qualifier_cb
                0x10005064        0x4 CMakeFiles/pico2.dir/home/karl/pico/pico-sdk/lib/tinyusb/src/device/usbd.c.o
                0x10005064                tud_descriptor_device_qualifier_cb
 .text.tud_descriptor_other_speed_configuration_cb
                0x10005068        0x4 CMakeFiles/pico2.dir/home/karl/pico/pico-sdk/lib/tinyusb/src/device/usbd.c.o
                0x10005068                tud_descriptor_other_speed_configuration_cb
 .text.tud_mount_cb
                0x1000506c        0x4 CMakeFiles/pico2.dir/home/karl/pico/pico-sdk/lib/tinyusb/src/device/usbd.c.o
                0x1000506c                tud_mount_cb
 .text.tud_umount_cb
                0x10005070        0x4 CMakeFiles/pico2.dir/home/karl/pico/pico-sdk/lib/tinyusb/src/device/usbd.c.o
                0x10005070                tud_umount_cb
 .text.tud_suspend_cb
                0x10005074        0x4 CMakeFiles/pico2.dir/home/karl/pico/pico-sdk/lib/tinyusb/src/device/usbd.c.o
                0x10005074                tud_suspend_cb
 .text.tud_resume_cb
                0x10005078        0x4 CMakeFiles/pico2.dir/home/karl/pico/pico-sdk/lib/tinyusb/src/device/usbd.c.o
                0x10005078                tud_resume_cb
 .text.tud_mounted
                0x1000507c       0x10 CMakeFiles/pico2.dir/home/karl/pico/pico-sdk/lib/tinyusb/src/device/usbd.c.o
                0x1000507c                tud_mounted
 .text.tud_suspended
                0x1000508c       0x10 CMakeFiles/pico2.dir/home/karl/pico/pico-sdk/lib/tinyusb/src/device/usbd.c.o
                0x1000508c                tud_suspended
 .text.tud_rhport_init
                0x1000509c       0xf4 CMakeFiles/pico2.dir/home/karl/pico/pico-sdk/lib/tinyusb/src/device/usbd.c.o
                0x1000509c                tud_rhport_init
 .text.tud_task_ext
                0x10005190      0x800 CMakeFiles/pico2.dir/home/karl/pico/pico-sdk/lib/tinyusb/src/device/usbd.c.o
                0x10005190                tud_task_ext
 .text.usbd_open_edpt_pair
                0x10005990       0x9c CMakeFiles/pico2.dir/home/karl/pico/pico-sdk/lib/tinyusb/src/device/usbd.c.o
                0x10005990                usbd_open_edpt_pair
 .text.usbd_edpt_open
                0x10005a2c       0x34 CMakeFiles/pico2.dir/home/karl/pico/pico-sdk/lib/tinyusb/src/device/usbd.c.o
                0x10005a2c                usbd_edpt_open
 .text.usbd_edpt_claim
                0x10005a60       0x28 CMakeFiles/pico2.dir/home/karl/pico/pico-sdk/lib/tinyusb/src/device/usbd.c.o
                0x10005a60                usbd_edpt_claim
 .text.usbd_edpt_release
                0x10005a88       0x28 CMakeFiles/pico2.dir/home/karl/pico/pico-sdk/lib/tinyusb/src/device/usbd.c.o
                0x10005a88                usbd_edpt_release
 .text.usbd_edpt_xfer
                0x10005ab0       0x4c CMakeFiles/pico2.dir/home/karl/pico/pico-sdk/lib/tinyusb/src/device/usbd.c.o
                0x10005ab0                usbd_edpt_xfer
 .text.tud_control_status
                0x10005afc       0x2c CMakeFiles/pico2.dir/home/karl/pico/pico-sdk/lib/tinyusb/src/device/usbd_control.c.o
                0x10005afc                tud_control_status
 .text.tud_control_xfer
                0x10005b28       0xa8 CMakeFiles/pico2.dir/home/karl/pico/pico-sdk/lib/tinyusb/src/device/usbd_control.c.o
                0x10005b28                tud_control_xfer
 .text.usbd_control_reset
                0x10005bd0       0x14 CMakeFiles/pico2.dir/home/karl/pico/pico-sdk/lib/tinyusb/src/device/usbd_control.c.o
                0x10005bd0                usbd_control_reset
 .text.usbd_control_set_complete_callback
                0x10005be4        0xc CMakeFiles/pico2.dir/home/karl/pico/pico-sdk/lib/tinyusb/src/device/usbd_control.c.o
                0x10005be4                usbd_control_set_complete_callback
 .text.usbd_control_set_request
                0x10005bf0       0x1c CMakeFiles/pico2.dir/home/karl/pico/pico-sdk/lib/tinyusb/src/device/usbd_control.c.o
                0x10005bf0                usbd_control_set_request
 .text.usbd_control_xfer_cb
                0x10005c0c       0xec CMakeFiles/pico2.dir/home/karl/pico/pico-sdk/lib/tinyusb/src/device/usbd_control.c.o
                0x10005c0c                usbd_control_xfer_cb
 .text._prep_out_transaction.isra.0
                0x10005cf8       0x6c CMakeFiles/pico2.dir/home/karl/pico/pico-sdk/lib/tinyusb/src/class/cdc/cdc_device.c.o
 .text.tud_cdc_n_connected
                0x10005d64       0x2c CMakeFiles/pico2.dir/home/karl/pico/pico-sdk/lib/tinyusb/src/class/cdc/cdc_device.c.o
                0x10005d64                tud_cdc_n_connected
 .text.tud_cdc_n_available
                0x10005d90       0x14 CMakeFiles/pico2.dir/home/karl/pico/pico-sdk/lib/tinyusb/src/class/cdc/cdc_device.c.o
                0x10005d90                tud_cdc_n_available
 .text.tud_cdc_n_read
                0x10005da4       0x88 CMakeFiles/pico2.dir/home/karl/pico/pico-sdk/lib/tinyusb/src/class/cdc/cdc_device.c.o
                0x10005da4                tud_cdc_n_read
 .text.tud_cdc_n_write_flush
                0x10005e2c       0x74 CMakeFiles/pico2.dir/home/karl/pico/pico-sdk/lib/tinyusb/src/class/cdc/cdc_device.c.o
                0x10005e2c                tud_cdc_n_write_flush
 .text.tud_cdc_n_write
                0x10005ea0       0x40 CMakeFiles/pico2.dir/home/karl/pico/pico-sdk/lib/tinyusb/src/class/cdc/cdc_device.c.o
                0x10005ea0                tud_cdc_n_write
 .text.tud_cdc_n_write_available
                0x10005ee0       0x14 CMakeFiles/pico2.dir/home/karl/pico/pico-sdk/lib/tinyusb/src/class/cdc/cdc_device.c.o
                0x10005ee0                tud_cdc_n_write_available
 .text.cdcd_init
                0x10005ef4       0x70 CMakeFiles/pico2.dir/home/karl/pico/pico-sdk/lib/tinyusb/src/class/cdc/cdc_device.c.o
                0x10005ef4                cdcd_init
 .text.cdcd_deinit
                0x10005f64       0x30 CMakeFiles/pico2.dir/home/karl/pico/pico-sdk/lib/tinyusb/src/class/cdc/cdc_device.c.o
                0x10005f64                cdcd_deinit
 .text.cdcd_reset
                0x10005f94       0x4c CMakeFiles/pico2.dir/home/karl/pico/pico-sdk/lib/tinyusb/src/class/cdc/cdc_device.c.o
                0x10005f94                cdcd_reset
 .text.cdcd_open
                0x10005fe0       0xa4 CMakeFiles/pico2.dir/home/karl/pico/pico-sdk/lib/tinyusb/src/class/cdc/cdc_device.c.o
                0x10005fe0                cdcd_open
 .text.cdcd_control_xfer_cb
                0x10006084       0xe8 CMakeFiles/pico2.dir/home/karl/pico/pico-sdk/lib/tinyusb/src/class/cdc/cdc_device.c.o
                0x10006084                cdcd_control_xfer_cb
 .text.cdcd_xfer_cb
                0x1000616c      0x100 CMakeFiles/pico2.dir/home/karl/pico/pico-sdk/lib/tinyusb/src/class/cdc/cdc_device.c.o
                0x1000616c                cdcd_xfer_cb
 .text.vendord_init
                0x1000626c       0x5c CMakeFiles/pico2.dir/home/karl/pico/pico-sdk/lib/tinyusb/src/class/vendor/vendor_device.c.o
                0x1000626c                vendord_init
 .text.vendord_deinit
                0x100062c8       0x1c CMakeFiles/pico2.dir/home/karl/pico/pico-sdk/lib/tinyusb/src/class/vendor/vendor_device.c.o
                0x100062c8                vendord_deinit
 .text.vendord_reset
                0x100062e4       0x28 CMakeFiles/pico2.dir/home/karl/pico/pico-sdk/lib/tinyusb/src/class/vendor/vendor_device.c.o
                0x100062e4                vendord_reset
 .text.vendord_open
                0x1000630c      0x120 CMakeFiles/pico2.dir/home/karl/pico/pico-sdk/lib/tinyusb/src/class/vendor/vendor_device.c.o
                0x1000630c                vendord_open
 .text.vendord_xfer_cb
                0x1000642c       0x9c CMakeFiles/pico2.dir/home/karl/pico/pico-sdk/lib/tinyusb/src/class/vendor/vendor_device.c.o
                0x1000642c                vendord_xfer_cb
 .text.tusb_rhport_init
                0x100064c8       0x4c CMakeFiles/pico2.dir/home/karl/pico/pico-sdk/lib/tinyusb/src/tusb.c.o
                0x100064c8                tusb_rhport_init
 .text.tu_edpt_claim
                0x10006514       0x50 CMakeFiles/pico2.dir/home/karl/pico/pico-sdk/lib/tinyusb/src/tusb.c.o
                0x10006514                tu_edpt_claim
 .text.tu_edpt_release
                0x10006564       0x38 CMakeFiles/pico2.dir/home/karl/pico/pico-sdk/lib/tinyusb/src/tusb.c.o
                0x10006564                tu_edpt_release
 .text.tu_edpt_validate
                0x1000659c       0x7c CMakeFiles/pico2.dir/home/karl/pico/pico-sdk/lib/tinyusb/src/tusb.c.o
                0x1000659c                tu_edpt_validate
 .text.tu_edpt_bind_driver
                0x10006618       0x34 CMakeFiles/pico2.dir/home/karl/pico/pico-sdk/lib/tinyusb/src/tusb.c.o
                0x10006618                tu_edpt_bind_driver
 .text.tu_edpt_stream_init
                0x1000664c       0x6c CMakeFiles/pico2.dir/home/karl/pico/pico-sdk/lib/tinyusb/src/tusb.c.o
                0x1000664c                tu_edpt_stream_init
 .text.tu_edpt_stream_deinit
                0x100066b8        0x4 CMakeFiles/pico2.dir/home/karl/pico/pico-sdk/lib/tinyusb/src/tusb.c.o
                0x100066b8                tu_edpt_stream_deinit
 .text.tu_edpt_stream_write_zlp_if_needed
                0x100066bc       0x68 CMakeFiles/pico2.dir/home/karl/pico/pico-sdk/lib/tinyusb/src/tusb.c.o
                0x100066bc                tu_edpt_stream_write_zlp_if_needed
 .text.tu_edpt_stream_write_xfer
                0x10006724       0x68 CMakeFiles/pico2.dir/home/karl/pico/pico-sdk/lib/tinyusb/src/tusb.c.o
                0x10006724                tu_edpt_stream_write_xfer
 .text.tu_edpt_stream_read_xfer
                0x1000678c       0xd8 CMakeFiles/pico2.dir/home/karl/pico/pico-sdk/lib/tinyusb/src/tusb.c.o
                0x1000678c                tu_edpt_stream_read_xfer
 .text.tu_fifo_config
                0x10006864       0x6c CMakeFiles/pico2.dir/home/karl/pico/pico-sdk/lib/tinyusb/src/common/tusb_fifo.c.o
                0x10006864                tu_fifo_config
 .text.tu_fifo_count
                0x100068d0       0x2c CMakeFiles/pico2.dir/home/karl/pico/pico-sdk/lib/tinyusb/src/common/tusb_fifo.c.o
                0x100068d0                tu_fifo_count
 .text.tu_fifo_empty
                0x100068fc       0x10 CMakeFiles/pico2.dir/home/karl/pico/pico-sdk/lib/tinyusb/src/common/tusb_fifo.c.o
                0x100068fc                tu_fifo_empty
 .text.tu_fifo_remaining
                0x1000690c       0x2c CMakeFiles/pico2.dir/home/karl/pico/pico-sdk/lib/tinyusb/src/common/tusb_fifo.c.o
                0x1000690c                tu_fifo_remaining
 .text.tu_fifo_read
                0x10006938       0x9c CMakeFiles/pico2.dir/home/karl/pico/pico-sdk/lib/tinyusb/src/common/tusb_fifo.c.o
                0x10006938                tu_fifo_read
 .text.tu_fifo_read_n
                0x100069d4       0xe8 CMakeFiles/pico2.dir/home/karl/pico/pico-sdk/lib/tinyusb/src/common/tusb_fifo.c.o
                0x100069d4                tu_fifo_read_n
 .text.tu_fifo_write
                0x10006abc       0xa4 CMakeFiles/pico2.dir/home/karl/pico/pico-sdk/lib/tinyusb/src/common/tusb_fifo.c.o
                0x10006abc                tu_fifo_write
 .text.tu_fifo_write_n
                0x10006b60      0x178 CMakeFiles/pico2.dir/home/karl/pico/pico-sdk/lib/tinyusb/src/common/tusb_fifo.c.o
                0x10006b60                tu_fifo_write_n
 .text.tu_fifo_clear
                0x10006cd8       0x40 CMakeFiles/pico2.dir/home/karl/pico/pico-sdk/lib/tinyusb/src/common/tusb_fifo.c.o
                0x10006cd8                tu_fifo_clear
 .text.tu_fifo_set_overwritable
                0x10006d18       0x48 CMakeFiles/pico2.dir/home/karl/pico/pico-sdk/lib/tinyusb/src/common/tusb_fifo.c.o
                0x10006d18                tu_fifo_set_overwritable
 .text.atexit   0x10006d60       0x10 /usr/lib/gcc/arm-none-eabi/14.2.0/../../../../arm-none-eabi/lib/thumb/v6-m/nofp/libg.a(libc_a-atexit.o)
                0x10006d60                atexit
 .text.atoi     0x10006d70        0xc /usr/lib/gcc/arm-none-eabi/14.2.0/../../../../arm-none-eabi/lib/thumb/v6-m/nofp/libg.a(libc_a-atoi.o)
                0x10006d70                atoi
 .text.__malloc_lock
                0x10006d7c       0x10 /usr/lib/gcc/arm-none-eabi/14.2.0/../../../../arm-none-eabi/lib/thumb/v6-m/nofp/libg.a(libc_a-mlock.o)
                0x10006d7c                __malloc_lock
 .text.__malloc_unlock
                0x10006d8c       0x10 /usr/lib/gcc/arm-none-eabi/14.2.0/../../../../arm-none-eabi/lib/thumb/v6-m/nofp/libg.a(libc_a-mlock.o)
                0x10006d8c                __malloc_unlock
 .text._strtol_l.isra.0
                0x10006d9c      0x158 /usr/lib/gcc/arm-none-eabi/14.2.0/../../../../arm-none-eabi/lib/thumb/v6-m/nofp/libg.a(libc_a-strtol.o)
 .text.strtol   0x10006ef4       0x18 /usr/lib/gcc/arm-none-eabi/14.2.0/../../../../arm-none-eabi/lib/thumb/v6-m/nofp/libg.a(libc_a-strtol.o)
                0x10006ef4                strtol
 .text.__sflush_r
                0x10006f0c      0x13c /usr/lib/gcc/arm-none-eabi/14.2.0/../../../../arm-none-eabi/lib/thumb/v6-m/nofp/libg.a(libc_a-fflush.o)
                0x10006f0c                __sflush_r
 .text._fflush_r
                0x10007048       0x68 /usr/lib/gcc/arm-none-eabi/14.2.0/../../../../arm-none-eabi/lib/thumb/v6-m/nofp/libg.a(libc_a-fflush.o)
                0x10007048                _fflush_r
 .text.fflush   0x100070b0       0x7c /usr/lib/gcc/arm-none-eabi/14.2.0/../../../../arm-none-eabi/lib/thumb/v6-m/nofp/libg.a(libc_a-fflush.o)
                0x100070b0                fflush
 .text.stdio_exit_handler
                0x1000712c       0x1c /usr/lib/gcc/arm-none-eabi/14.2.0/../../../../arm-none-eabi/lib/thumb/v6-m/nofp/libg.a(libc_a-findfp.o)
 .text.cleanup_stdio
                0x10007148       0x3c /usr/lib/gcc/arm-none-eabi/14.2.0/../../../../arm-none-eabi/lib/thumb/v6-m/nofp/libg.a(libc_a-findfp.o)
 .text.global_stdio_init.part.0
                0x10007184      0x118 /usr/lib/gcc/arm-none-eabi/14.2.0/../../../../arm-none-eabi/lib/thumb/v6-m/nofp/libg.a(libc_a-findfp.o)
 .text.__sinit  0x1000729c       0x38 /usr/lib/gcc/arm-none-eabi/14.2.0/../../../../arm-none-eabi/lib/thumb/v6-m/nofp/libg.a(libc_a-findfp.o)
                0x1000729c                __sinit
 .text.__sfp_lock_acquire
                0x100072d4       0x10 /usr/lib/gcc/arm-none-eabi/14.2.0/../../../../arm-none-eabi/lib/thumb/v6-m/nofp/libg.a(libc_a-findfp.o)
                0x100072d4                __sfp_lock_acquire
 .text.__sfp_lock_release
                0x100072e4       0x10 /usr/lib/gcc/arm-none-eabi/14.2.0/../../../../arm-none-eabi/lib/thumb/v6-m/nofp/libg.a(libc_a-findfp.o)
                0x100072e4                __sfp_lock_release
 .text._fwalk_sglue
                0x100072f4       0x44 /usr/lib/gcc/arm-none-eabi/14.2.0/../../../../arm-none-eabi/lib/thumb/v6-m/nofp/libg.a(libc_a-fwalk.o)
                0x100072f4                _fwalk_sglue
 .text.__sread  0x10007338       0x28 /usr/lib/gcc/arm-none-eabi/14.2.0/../../../../arm-none-eabi/lib/thumb/v6-m/nofp/libg.a(libc_a-stdio.o)
                0x10007338                __sread
 .text.__swrite
                0x10007360       0x40 /usr/lib/gcc/arm-none-eabi/14.2.0/../../../../arm-none-eabi/lib/thumb/v6-m/nofp/libg.a(libc_a-stdio.o)
                0x10007360                __swrite
 .text.__sseek  0x100073a0       0x2c /usr/lib/gcc/arm-none-eabi/14.2.0/../../../../arm-none-eabi/lib/thumb/v6-m/nofp/libg.a(libc_a-stdio.o)
                0x100073a0                __sseek
 .text.__sclose
                0x100073cc        0xc /usr/lib/gcc/arm-none-eabi/14.2.0/../../../../arm-none-eabi/lib/thumb/v6-m/nofp/libg.a(libc_a-stdio.o)
                0x100073cc                __sclose
 .text.strcspn  0x100073d8       0x40 /usr/lib/gcc/arm-none-eabi/14.2.0/../../../../arm-none-eabi/lib/thumb/v6-m/nofp/libg.a(libc_a-strcspn.o)
                0x100073d8                strcspn
 .text._close_r
                0x10007418       0x24 /usr/lib/gcc/arm-none-eabi/14.2.0/../../../../arm-none-eabi/lib/thumb/v6-m/nofp/libg.a(libc_a-closer.o)
                0x10007418                _close_r
 .text._lseek_r
                0x1000743c       0x28 /usr/lib/gcc/arm-none-eabi/14.2.0/../../../../arm-none-eabi/lib/thumb/v6-m/nofp/libg.a(libc_a-lseekr.o)
                0x1000743c                _lseek_r
 .text._read_r  0x10007464       0x28 /usr/lib/gcc/arm-none-eabi/14.2.0/../../../../arm-none-eabi/lib/thumb/v6-m/nofp/libg.a(libc_a-readr.o)
                0x10007464                _read_r
 .text._sbrk_r  0x1000748c       0x24 /usr/lib/gcc/arm-none-eabi/14.2.0/../../../../arm-none-eabi/lib/thumb/v6-m/nofp/libg.a(libc_a-sbrkr.o)
                0x1000748c                _sbrk_r
 .text._write_r
                0x100074b0       0x28 /usr/lib/gcc/arm-none-eabi/14.2.0/../../../../arm-none-eabi/lib/thumb/v6-m/nofp/libg.a(libc_a-writer.o)
                0x100074b0                _write_r
 .text.__errno  0x100074d8        0xc /usr/lib/gcc/arm-none-eabi/14.2.0/../../../../arm-none-eabi/lib/thumb/v6-m/nofp/libg.a(libc_a-errno.o)
                0x100074d8                __errno
 .text.__libc_fini_array
                0x100074e4       0x28 /usr/lib/gcc/arm-none-eabi/14.2.0/../../../../arm-none-eabi/lib/thumb/v6-m/nofp/libg.a(libc_a-fini.o)
                0x100074e4                __libc_fini_array
 .text.__retarget_lock_init_recursive
                0x1000750c        0x4 /usr/lib/gcc/arm-none-eabi/14.2.0/../../../../arm-none-eabi/lib/thumb/v6-m/nofp/libg.a(libc_a-lock.o)
                0x1000750c                __retarget_lock_init_recursive
 .text.__retarget_lock_close_recursive
                0x10007510        0x4 /usr/lib/gcc/arm-none-eabi/14.2.0/../../../../arm-none-eabi/lib/thumb/v6-m/nofp/libg.a(libc_a-lock.o)
                0x10007510                __retarget_lock_close_recursive
 .text.__retarget_lock_acquire_recursive
                0x10007514        0x4 /usr/lib/gcc/arm-none-eabi/14.2.0/../../../../arm-none-eabi/lib/thumb/v6-m/nofp/libg.a(libc_a-lock.o)
                0x10007514                __retarget_lock_acquire_recursive
 .text.__retarget_lock_release_recursive
                0x10007518        0x4 /usr/lib/gcc/arm-none-eabi/14.2.0/../../../../arm-none-eabi/lib/thumb/v6-m/nofp/libg.a(libc_a-lock.o)
                0x10007518                __retarget_lock_release_recursive
 .text.sysconf  0x1000751c       0x1c /usr/lib/gcc/arm-none-eabi/14.2.0/../../../../arm-none-eabi/lib/thumb/v6-m/nofp/libg.a(libc_a-sysconf.o)
                0x1000751c                sysconf
 .text.strlen   0x10007538       0x5c /usr/lib/gcc/arm-none-eabi/14.2.0/../../../../arm-none-eabi/lib/thumb/v6-m/nofp/libg.a(libc_a-strlen-stub.o)
                0x10007538                strlen
 .text.__register_exitproc
                0x10007594       0xa8 /usr/lib/gcc/arm-none-eabi/14.2.0/../../../../arm-none-eabi/lib/thumb/v6-m/nofp/libg.a(libc_a-__atexit.o)
                0x10007594                __register_exitproc
 .text.startup.register_fini
                0x1000763c       0x18 /usr/lib/gcc/arm-none-eabi/14.2.0/../../../../arm-none-eabi/lib/thumb/v6-m/nofp/libg.a(libc_a-__call_atexit.o)
 .text._malloc_trim_r
                0x10007654       0xb4 /usr/lib/gcc/arm-none-eabi/14.2.0/../../../../arm-none-eabi/lib/thumb/v6-m/nofp/libg.a(libc_a-freer.o)
                0x10007654                _malloc_trim_r
 .text._free_r  0x10007708      0x1f0 /usr/lib/gcc/arm-none-eabi/14.2.0/../../../../arm-none-eabi/lib/thumb/v6-m/nofp/libg.a(libc_a-freer.o)
                0x10007708                _free_r
 .text._fclose_r
                0x100078f8       0xcc /usr/lib/gcc/arm-none-eabi/14.2.0/../../../../arm-none-eabi/lib/thumb/v6-m/nofp/libg.a(libc_a-fclose.o)
                0x100078f8                _fclose_r
 *(.fini)
 .fini          0x100079c4        0x4 /usr/lib/gcc/arm-none-eabi/14.2.0/thumb/v6-m/nofp/crti.o
                0x100079c4                _fini
 .fini.__stub   0x100079c8       0xc0 linker stubs
 *crtbegin.o(.ctors)
 *crtbegin?.o(.ctors)
 *(EXCLUDE_FILE(*crtend.o *crtend?.o) .ctors)
 *(SORT_BY_NAME(.ctors.*))
 *(.ctors)
 *crtbegin.o(.dtors)
 *crtbegin?.o(.dtors)
 *(EXCLUDE_FILE(*crtend.o *crtend?.o) .dtors)
 *(SORT_BY_NAME(.dtors.*))
 *(.dtors)
                0x10007a88                        . = ALIGN (0x4)
                0x10007a88                        PROVIDE (__preinit_array_start = .)
 *(SORT_BY_NAME(.preinit_array.*))
 .preinit_array.00100
                0x10007a88        0x4 CMakeFiles/pico2.dir/home/karl/pico/pico-sdk/src/rp2_common/pico_runtime_init/runtime_init.c.o
                0x10007a88                __pre_init_runtime_init_early_resets
 .preinit_array.00101
                0x10007a8c        0x4 CMakeFiles/pico2.dir/home/karl/pico/pico-sdk/src/rp2_common/pico_runtime_init/runtime_init.c.o
                0x10007a8c                __pre_init_runtime_init_usb_power_down
 .preinit_array.00275
                0x10007a90        0x4 CMakeFiles/pico2.dir/home/karl/pico/pico-sdk/src/rp2_common/pico_bit_ops/bit_ops_aeabi.S.o
 .preinit_array.00300
                0x10007a94        0x4 CMakeFiles/pico2.dir/home/karl/pico/pico-sdk/src/rp2_common/pico_mem_ops/mem_ops_aeabi.S.o
 .preinit_array.00350
                0x10007a98        0x4 CMakeFiles/pico2.dir/home/karl/pico/pico-sdk/src/rp2_common/pico_double/double_aeabi_rp2040.S.o
 .preinit_array.00350
                0x10007a9c        0x4 CMakeFiles/pico2.dir/home/karl/pico/pico-sdk/src/rp2_common/pico_float/float_aeabi_rp2040.S.o
 .preinit_array.00500
                0x10007aa0        0x4 CMakeFiles/pico2.dir/home/karl/pico/pico-sdk/src/rp2_common/pico_runtime_init/runtime_init.c.o
                0x10007aa0                __pre_init_runtime_init_clocks
 .preinit_array.00600
                0x10007aa4        0x4 CMakeFiles/pico2.dir/home/karl/pico/pico-sdk/src/rp2_common/pico_runtime_init/runtime_init.c.o
                0x10007aa4                __pre_init_runtime_init_post_clock_resets
 .preinit_array.00700
                0x10007aa8        0x4 CMakeFiles/pico2.dir/home/karl/pico/pico-sdk/src/rp2_common/pico_runtime_init/runtime_init.c.o
                0x10007aa8                __pre_init_runtime_init_rp2040_gpio_ie_disable
 .preinit_array.01000
                0x10007aac        0x4 CMakeFiles/pico2.dir/home/karl/pico/pico-sdk/src/rp2_common/pico_runtime_init/runtime_init.c.o
                0x10007aac                __pre_init_runtime_init_spin_locks_reset
 .preinit_array.01100
                0x10007ab0        0x4 CMakeFiles/pico2.dir/home/karl/pico/pico-sdk/src/common/pico_sync/mutex.c.o
                0x10007ab0                __pre_init_runtime_init_mutex
 .preinit_array.10080
                0x10007ab4        0x4 CMakeFiles/pico2.dir/home/karl/pico/pico-sdk/src/rp2_common/pico_runtime_init/runtime_init.c.o
                0x10007ab4                __pre_init_runtime_init_install_ram_vector_table
 .preinit_array.11000
                0x10007ab8        0x4 CMakeFiles/pico2.dir/home/karl/pico/pico-sdk/src/common/pico_time/time.c.o
                0x10007ab8                __pre_init_runtime_init_default_alarm_pool
 .preinit_array.YYYYY
                0x10007abc        0x4 CMakeFiles/pico2.dir/home/karl/pico/pico-sdk/src/rp2_common/pico_runtime/runtime.c.o
                0x10007abc                __pre_init_first_per_core_initializer
 .preinit_array.ZZZZZ.01200
                0x10007ac0        0x4 CMakeFiles/pico2.dir/home/karl/pico/pico-sdk/src/rp2_common/hardware_irq/irq.c.o
                0x10007ac0                __pre_init_runtime_init_per_core_irq_priorities
 *(.preinit_array)
                0x10007ac4                        PROVIDE (__preinit_array_end = .)
                0x10007ac4                        . = ALIGN (0x4)
                0x10007ac4                        PROVIDE (__init_array_start = .)
 *(SORT_BY_NAME(.init_array.*))
 .init_array.00000
                0x10007ac4        0x4 /usr/lib/gcc/arm-none-eabi/14.2.0/../../../../arm-none-eabi/lib/thumb/v6-m/nofp/libg.a(libc_a-__call_atexit.o)
 .init_array.01000
                0x10007ac8        0x4 CMakeFiles/pico2.dir/home/karl/pico/pico-sdk/src/rp2_common/pico_unique_id/unique_id.c.o
 *(.init_array)
 .init_array    0x10007acc        0x4 /usr/lib/gcc/arm-none-eabi/14.2.0/thumb/v6-m/nofp/crtbegin.o
                0x10007ad0                        PROVIDE (__init_array_end = .)
                0x10007ad0                        . = ALIGN (0x4)
                0x10007ad0                        PROVIDE (__fini_array_start = .)
 *(SORT_BY_NAME(.fini_array.*))
 *(.fini_array)
                0x10007ad0                        PROVIDE (__fini_array_end = .)
 *(.eh_frame*)
 .eh_frame      0x10007ad0        0x0 /usr/lib/gcc/arm-none-eabi/14.2.0/thumb/v6-m/nofp/crtbegin.o
                0x10007ad0                        . = ALIGN (0x4)

.glue_7         0x10007ad0        0x0
 .glue_7        0x10007ad0        0x0 linker stubs

.glue_7t        0x10007ad0        0x0
 .glue_7t       0x10007ad0        0x0 linker stubs

.vfp11_veneer   0x10007ad0        0x0
 .vfp11_veneer  0x10007ad0        0x0 linker stubs

.v4_bx          0x10007ad0        0x0
 .v4_bx         0x10007ad0        0x0 linker stubs

.iplt           0x10007ad0        0x0
 .iplt          0x10007ad0        0x0 /usr/lib/gcc/arm-none-eabi/14.2.0/thumb/v6-m/nofp/crtbegin.o

.rodata         0x10007ad0      0x810
 *(EXCLUDE_FILE(*libm.a: *libc.a:*lib_a-mem*.o *libgcc.a:) .rodata*)
 .rodata.main.str1.4
                0x10007ad0      0x1d0 CMakeFiles/pico2.dir/pico2_main.c.o
                                 0x52 (size before relaxing)
 .rodata        0x10007ca0       0x90 CMakeFiles/pico2.dir/pico2_main.c.o
 .rodata.panic.str1.4
                0x10007d30       0x12 CMakeFiles/pico2.dir/home/karl/pico/pico-sdk/src/rp2_common/pico_platform_panic/panic.c.o
 .rodata.spin_lock_claim_unused.str1.4
                0x10007d30       0x1b CMakeFiles/pico2.dir/home/karl/pico/pico-sdk/src/rp2_common/hardware_sync/sync.c.o
 .rodata.user_irq_claim_unused.str1.4
                0x10007d30       0x1b CMakeFiles/pico2.dir/home/karl/pico/pico-sdk/src/rp2_common/hardware_irq/irq.c.o
 .rodata.at_the_end_of_time
                0x10007d30        0x8 CMakeFiles/pico2.dir/home/karl/pico/pico-sdk/src/common/pico_time/time.c.o
                0x10007d30                at_the_end_of_time
 .rodata.timer_hardware_alarm_claim.str1.4
                0x10007d38       0x22 CMakeFiles/pico2.dir/home/karl/pico/pico-sdk/src/rp2_common/hardware_timer/timer.c.o
 .rodata.hard_assertion_failure.str1.4
                0x10007d38        0xc CMakeFiles/pico2.dir/home/karl/pico/pico-sdk/src/rp2_common/pico_runtime/runtime.c.o
 .rodata.missing_double_func_shim.str1.4
                0x10007d38       0x18 CMakeFiles/pico2.dir/home/karl/pico/pico-sdk/src/rp2_common/pico_double/double_init_rom_rp2040.c.o
 .rodata.missing_float_func_shim.str1.4
                0x10007d38        0x1 CMakeFiles/pico2.dir/home/karl/pico/pico-sdk/src/rp2_common/pico_float/float_init_rom_rp2040.c.o
 .rodata.str1.4
                0x10007d38       0x3c CMakeFiles/pico2.dir/home/karl/pico/pico-sdk/src/rp2_common/pico_standard_binary_info/standard_binary_info.c.o
 .rodata.__bi_84
                0x10007d38        0xc CMakeFiles/pico2.dir/home/karl/pico/pico-sdk/src/rp2_common/pico_standard_binary_info/standard_binary_info.c.o
 .rodata.__bi_78
                0x10007d44        0xc CMakeFiles/pico2.dir/home/karl/pico/pico-sdk/src/rp2_common/pico_standard_binary_info/standard_binary_info.c.o
 .rodata.__bi_54
                0x10007d50        0xc CMakeFiles/pico2.dir/home/karl/pico/pico-sdk/src/rp2_common/pico_standard_binary_info/standard_binary_info.c.o
 .rodata.__bi_48
                0x10007d5c        0xc CMakeFiles/pico2.dir/home/karl/pico/pico-sdk/src/rp2_common/pico_standard_binary_info/standard_binary_info.c.o
 .rodata.__bi_42
                0x10007d68        0xc CMakeFiles/pico2.dir/home/karl/pico/pico-sdk/src/rp2_common/pico_standard_binary_info/standard_binary_info.c.o
 .rodata.__bi_34
                0x10007d74        0xc CMakeFiles/pico2.dir/home/karl/pico/pico-sdk/src/rp2_common/pico_standard_binary_info/standard_binary_info.c.o
 .rodata.__bi_26
                0x10007d80        0xc CMakeFiles/pico2.dir/home/karl/pico/pico-sdk/src/rp2_common/pico_standard_binary_info/standard_binary_info.c.o
 .rodata._ftoa.str1.4
                0x10007d8c       0x15 CMakeFiles/pico2.dir/home/karl/pico/pico-sdk/src/rp2_common/pico_printf/printf.c.o
 .rodata._vsnprintf
                0x10007d8c      0x19c CMakeFiles/pico2.dir/home/karl/pico/pico-sdk/src/rp2_common/pico_printf/printf.c.o
 .rodata.pow10.0
                0x10007f28       0x50 CMakeFiles/pico2.dir/home/karl/pico/pico-sdk/src/rp2_common/pico_printf/printf.c.o
 .rodata.crlf_str.0
                0x10007f78        0x2 CMakeFiles/pico2.dir/home/karl/pico/pico-sdk/src/rp2_common/pico_stdio/stdio.c.o
 *fill*         0x10007f7a        0x2 
 .rodata._resetd_driver
                0x10007f7c       0x20 CMakeFiles/pico2.dir/home/karl/pico/pico-sdk/src/rp2_common/pico_stdio_usb/reset_interface.c.o
 .rodata.desc_ms_os_20
                0x10007f9c       0xa6 CMakeFiles/pico2.dir/home/karl/pico/pico-sdk/src/rp2_common/pico_stdio_usb/reset_interface.c.o
 *fill*         0x10008042        0x2 
 .rodata.desc_bos
                0x10008044       0x21 CMakeFiles/pico2.dir/home/karl/pico/pico-sdk/src/rp2_common/pico_stdio_usb/reset_interface.c.o
                0x10008044                desc_bos
 .rodata.str1.4
                0x10008065       0x13 CMakeFiles/pico2.dir/home/karl/pico/pico-sdk/src/rp2_common/pico_stdio_usb/stdio_usb.c.o
 *fill*         0x10008065        0x3 
 .rodata.__bi_202.0
                0x10008068        0xc CMakeFiles/pico2.dir/home/karl/pico/pico-sdk/src/rp2_common/pico_stdio_usb/stdio_usb.c.o
 .rodata.str1.4
                0x10008074       0x2a CMakeFiles/pico2.dir/home/karl/pico/pico-sdk/src/rp2_common/pico_stdio_usb/stdio_usb_descriptors.c.o
 .rodata.usbd_desc_str
                0x10008074       0x18 CMakeFiles/pico2.dir/home/karl/pico/pico-sdk/src/rp2_common/pico_stdio_usb/stdio_usb_descriptors.c.o
 .rodata.usbd_desc_cfg
                0x1000808c       0x54 CMakeFiles/pico2.dir/home/karl/pico/pico-sdk/src/rp2_common/pico_stdio_usb/stdio_usb_descriptors.c.o
 .rodata.usbd_desc_device
                0x100080e0       0x12 CMakeFiles/pico2.dir/home/karl/pico/pico-sdk/src/rp2_common/pico_stdio_usb/stdio_usb_descriptors.c.o
 .rodata.str1.4
                0x100080f2       0x14 CMakeFiles/pico2.dir/home/karl/pico/pico-sdk/lib/tinyusb/src/portable/raspberrypi/rp2040/dcd_rp2040.c.o
 .rodata.str1.4
                0x100080f2       0x48 CMakeFiles/pico2.dir/home/karl/pico/pico-sdk/lib/tinyusb/src/portable/raspberrypi/rp2040/rp2040_usb.c.o
 *fill*         0x100080f2        0x2 
 .rodata.tud_task_ext
                0x100080f4       0x8c CMakeFiles/pico2.dir/home/karl/pico/pico-sdk/lib/tinyusb/src/device/usbd.c.o
 .rodata        0x10008180       0x1c CMakeFiles/pico2.dir/home/karl/pico/pico-sdk/lib/tinyusb/src/device/usbd.c.o
 .rodata._usbd_driver
                0x1000819c       0x40 CMakeFiles/pico2.dir/home/karl/pico/pico-sdk/lib/tinyusb/src/device/usbd.c.o
 .rodata._ctype_
                0x100081dc      0x101 /usr/lib/gcc/arm-none-eabi/14.2.0/../../../../arm-none-eabi/lib/thumb/v6-m/nofp/libg.a(libc_a-ctype_.o)
                0x100081dc                _ctype_
                0x100082e0                        . = ALIGN (0x4)
 *fill*         0x100082dd        0x3 
 *(SORT_BY_ALIGNMENT(SORT_BY_NAME(.flashdata*)))
                0x100082e0                        . = ALIGN (0x4)

.ARM.extab
 *(.ARM.extab* .gnu.linkonce.armextab.*)
                0x100082e0                        __exidx_start = .

.ARM.exidx
 *(.ARM.exidx* .gnu.linkonce.armexidx.*)
                0x100082e0                        __exidx_end = .
                0x100082e0                        . = ALIGN (0x4)
                0x100082e0                        __binary_info_start = .

.binary_info    0x100082e0       0x20
 *(.binary_info.keep.*)
 .binary_info.keep.__bi_ptr84
                0x100082e0        0x4 CMakeFiles/pico2.dir/home/karl/pico/pico-sdk/src/rp2_common/pico_standard_binary_info/standard_binary_info.c.o
 .binary_info.keep.__bi_ptr78
                0x100082e4        0x4 CMakeFiles/pico2.dir/home/karl/pico/pico-sdk/src/rp2_common/pico_standard_binary_info/standard_binary_info.c.o
 .binary_info.keep.__bi_ptr54
                0x100082e8        0x4 CMakeFiles/pico2.dir/home/karl/pico/pico-sdk/src/rp2_common/pico_standard_binary_info/standard_binary_info.c.o
 .binary_info.keep.__bi_ptr48
                0x100082ec        0x4 CMakeFiles/pico2.dir/home/karl/pico/pico-sdk/src/rp2_common/pico_standard_binary_info/standard_binary_info.c.o
 .binary_info.keep.__bi_ptr42
                0x100082f0        0x4 CMakeFiles/pico2.dir/home/karl/pico/pico-sdk/src/rp2_common/pico_standard_binary_info/standard_binary_info.c.o
 .binary_info.keep.__bi_ptr34
                0x100082f4        0x4 CMakeFiles/pico2.dir/home/karl/pico/pico-sdk/src/rp2_common/pico_standard_binary_info/standard_binary_info.c.o
 .binary_info.keep.__bi_ptr26
                0x100082f8        0x4 CMakeFiles/pico2.dir/home/karl/pico/pico-sdk/src/rp2_common/pico_standard_binary_info/standard_binary_info.c.o
 *(.binary_info.*)
 .binary_info.__bi_ptr202
                0x100082fc        0x4 CMakeFiles/pico2.dir/home/karl/pico/pico-sdk/src/rp2_common/pico_stdio_usb/stdio_usb.c.o
                0x10008300                        __binary_info_end = .
                0x10008300                        . = ALIGN (0x4)

.ram_vector_table
                0x20000000       0xc0
 *(.ram_vector_table)
 .ram_vector_table
                0x20000000       0xc0 CMakeFiles/pico2.dir/home/karl/pico/pico-sdk/src/rp2_common/pico_runtime_init/runtime_init.c.o
                0x20000000                ram_vector_table

.uninitialized_data
                0x200000c0        0x0
                0x200000c0                        . = ALIGN (0x4)
 *(.uninitialized_data*)

.data           0x200000c0     0x1554 load address 0x10008300
                0x200000c0                        __data_start__ = .
 *(vtable)
 *(.time_critical*)
 .time_critical.mutex_try_enter
                0x200000c0       0x40 CMakeFiles/pico2.dir/home/karl/pico/pico-sdk/src/common/pico_sync/mutex.c.o
                0x200000c0                mutex_try_enter
 .time_critical.mutex_try_enter_block_until
                0x20000100       0x98 CMakeFiles/pico2.dir/home/karl/pico/pico-sdk/src/common/pico_sync/mutex.c.o
                0x20000100                mutex_try_enter_block_until
 .time_critical.mutex_enter_timeout_ms
                0x20000198       0x8c CMakeFiles/pico2.dir/home/karl/pico/pico-sdk/src/common/pico_sync/mutex.c.o
                0x20000198                mutex_enter_timeout_ms
 .time_critical.mutex_exit
                0x20000224       0x28 CMakeFiles/pico2.dir/home/karl/pico/pico-sdk/src/common/pico_sync/mutex.c.o
                0x20000224                mutex_exit
 .time_critical.flash_init_boot2_copyout
                0x2000024c       0x30 CMakeFiles/pico2.dir/home/karl/pico/pico-sdk/src/rp2_common/hardware_flash/flash.c.o
 .time_critical.flash_enable_xip_via_boot2
                0x2000027c        0xc CMakeFiles/pico2.dir/home/karl/pico/pico-sdk/src/rp2_common/hardware_flash/flash.c.o
 .time_critical.flash_save_hardware_state
                0x20000288       0x20 CMakeFiles/pico2.dir/home/karl/pico/pico-sdk/src/rp2_common/hardware_flash/flash.c.o
 .time_critical.flash_restore_hardware_state
                0x200002a8       0x20 CMakeFiles/pico2.dir/home/karl/pico/pico-sdk/src/rp2_common/hardware_flash/flash.c.o
 .time_critical.flash_cs_force
                0x200002c8       0x38 CMakeFiles/pico2.dir/home/karl/pico/pico-sdk/src/rp2_common/hardware_flash/flash.c.o
 .time_critical.flash_do_cmd
                0x20000300      0x13c CMakeFiles/pico2.dir/home/karl/pico/pico-sdk/src/rp2_common/hardware_flash/flash.c.o
                0x20000300                flash_do_cmd
 .time_critical.reset_non_control_endpoints
                0x2000043c       0x68 CMakeFiles/pico2.dir/home/karl/pico/pico-sdk/lib/tinyusb/src/portable/raspberrypi/rp2040/dcd_rp2040.c.o
 .time_critical.hw_handle_buff_status
                0x200004a4       0xa0 CMakeFiles/pico2.dir/home/karl/pico/pico-sdk/lib/tinyusb/src/portable/raspberrypi/rp2040/dcd_rp2040.c.o
 .time_critical.dcd_rp2040_irq
                0x20000544      0x548 CMakeFiles/pico2.dir/home/karl/pico/pico-sdk/lib/tinyusb/src/portable/raspberrypi/rp2040/dcd_rp2040.c.o
 .time_critical.prepare_ep_buffer
                0x20000a8c       0xc8 CMakeFiles/pico2.dir/home/karl/pico/pico-sdk/lib/tinyusb/src/portable/raspberrypi/rp2040/rp2040_usb.c.o
 .time_critical.sync_ep_buffer
                0x20000b54       0x9c CMakeFiles/pico2.dir/home/karl/pico/pico-sdk/lib/tinyusb/src/portable/raspberrypi/rp2040/rp2040_usb.c.o
 .time_critical._hw_endpoint_xfer_sync
                0x20000bf0       0x28 CMakeFiles/pico2.dir/home/karl/pico/pico-sdk/lib/tinyusb/src/portable/raspberrypi/rp2040/rp2040_usb.c.o
 .time_critical.e15_is_bulkin_ep
                0x20000c18       0x28 CMakeFiles/pico2.dir/home/karl/pico/pico-sdk/lib/tinyusb/src/portable/raspberrypi/rp2040/rp2040_usb.c.o
 .time_critical.e15_is_critical_frame_period
                0x20000c40       0x34 CMakeFiles/pico2.dir/home/karl/pico/pico-sdk/lib/tinyusb/src/portable/raspberrypi/rp2040/rp2040_usb.c.o
 .time_critical.hw_endpoint_reset_transfer
                0x20000c74        0xc CMakeFiles/pico2.dir/home/karl/pico/pico-sdk/lib/tinyusb/src/portable/raspberrypi/rp2040/rp2040_usb.c.o
                0x20000c74                hw_endpoint_reset_transfer
 .time_critical._hw_endpoint_buffer_control_update32
                0x20000c80       0x50 CMakeFiles/pico2.dir/home/karl/pico/pico-sdk/lib/tinyusb/src/portable/raspberrypi/rp2040/rp2040_usb.c.o
                0x20000c80                _hw_endpoint_buffer_control_update32
 .time_critical.hw_endpoint_start_next_buffer
                0x20000cd0       0x68 CMakeFiles/pico2.dir/home/karl/pico/pico-sdk/lib/tinyusb/src/portable/raspberrypi/rp2040/rp2040_usb.c.o
                0x20000cd0                hw_endpoint_start_next_buffer
 .time_critical.hw_endpoint_xfer_continue
                0x20000d38       0x40 CMakeFiles/pico2.dir/home/karl/pico/pico-sdk/lib/tinyusb/src/portable/raspberrypi/rp2040/rp2040_usb.c.o
                0x20000d38                hw_endpoint_xfer_continue
 .time_critical.tinyusb
                0x20000d78      0x1e4 CMakeFiles/pico2.dir/home/karl/pico/pico-sdk/lib/tinyusb/src/device/usbd.c.o
                0x20000d78                dcd_event_handler
 *(.text*)
 .text          0x20000f5c        0x4 /usr/lib/gcc/arm-none-eabi/14.2.0/thumb/v6-m/nofp/libgcc.a(_dvmd_tls.o)
                0x20000f5c                __aeabi_ldiv0
                0x20000f5c                __aeabi_idiv0
 .text.__stub   0x20000f60       0x80 linker stubs
                0x20000fe0                        . = ALIGN (0x4)
 *(.rodata*)
                0x20000fe0                        . = ALIGN (0x4)
 *(.data*)
 .data.striped_spin_lock_num
                0x20000fe0        0x1 CMakeFiles/pico2.dir/home/karl/pico/pico-sdk/src/rp2_common/hardware_sync/sync.c.o
 *fill*         0x20000fe1        0x3 
 .data          0x20000fe4       0x48 CMakeFiles/pico2.dir/home/karl/pico/pico-sdk/src/rp2_common/hardware_irq/irq_handler_chain.S.o
                0x20000fe4                irq_handler_chain_slots
                0x20001014                irq_handler_chain_first_slot
                0x2000101e                irq_handler_chain_remove_tail
 .data.default_alarm_pool
                0x2000102c       0x18 CMakeFiles/pico2.dir/home/karl/pico/pico-sdk/src/common/pico_time/time.c.o
 *fill*         0x20001044        0xc 
 .data.aeabi_bits_funcs
                0x20001050       0x10 CMakeFiles/pico2.dir/home/karl/pico/pico-sdk/src/rp2_common/pico_bit_ops/bit_ops_aeabi.S.o
                0x20001050                aeabi_bits_funcs
                0x20001060                aeabi_bits_funcs_end
 .data.aeabi_mem_funcs
                0x20001060       0x10 CMakeFiles/pico2.dir/home/karl/pico/pico-sdk/src/rp2_common/pico_mem_ops/mem_ops_aeabi.S.o
                0x20001060                aeabi_mem_funcs
                0x20001070                aeabi_mem_funcs_end
 .data.stdio_usb
                0x20001070       0x18 CMakeFiles/pico2.dir/home/karl/pico/pico-sdk/src/rp2_common/pico_stdio_usb/stdio_usb.c.o
                0x20001070                stdio_usb
 .data._usbd_qdef
                0x20001088       0x1c CMakeFiles/pico2.dir/home/karl/pico/pico-sdk/lib/tinyusb/src/device/usbd.c.o
                0x20001088                _usbd_qdef
 .data._usbd_rhport
                0x200010a4        0x1 CMakeFiles/pico2.dir/home/karl/pico/pico-sdk/lib/tinyusb/src/device/usbd.c.o
 *fill*         0x200010a5        0x3 
 .data.__malloc_sbrk_base
                0x200010a8        0x4 /usr/lib/gcc/arm-none-eabi/14.2.0/../../../../arm-none-eabi/lib/thumb/v6-m/nofp/libg.a(libc_a-mallocr.o)
                0x200010a8                __malloc_sbrk_base
 .data.__malloc_trim_threshold
                0x200010ac        0x4 /usr/lib/gcc/arm-none-eabi/14.2.0/../../../../arm-none-eabi/lib/thumb/v6-m/nofp/libg.a(libc_a-mallocr.o)
                0x200010ac                __malloc_trim_threshold
 .data.__malloc_av_
                0x200010b0      0x408 /usr/lib/gcc/arm-none-eabi/14.2.0/../../../../arm-none-eabi/lib/thumb/v6-m/nofp/libg.a(libc_a-mallocr.o)
                0x200010b0                __malloc_av_
 .data.__sglue  0x200014b8        0xc /usr/lib/gcc/arm-none-eabi/14.2.0/../../../../arm-none-eabi/lib/thumb/v6-m/nofp/libg.a(libc_a-findfp.o)
                0x200014b8                __sglue
 .data._impure_ptr
                0x200014c4        0x4 /usr/lib/gcc/arm-none-eabi/14.2.0/../../../../arm-none-eabi/lib/thumb/v6-m/nofp/libg.a(libc_a-impure.o)
                0x200014c4                _impure_ptr
 .data._impure_data
                0x200014c8      0x140 /usr/lib/gcc/arm-none-eabi/14.2.0/../../../../arm-none-eabi/lib/thumb/v6-m/nofp/libg.a(libc_a-impure.o)
                0x200014c8                _impure_data
 .data.__atexit_recursive_mutex
                0x20001608        0x4 /usr/lib/gcc/arm-none-eabi/14.2.0/../../../../arm-none-eabi/lib/thumb/v6-m/nofp/libg.a(libc_a-__call_atexit.o)
                0x20001608                __atexit_recursive_mutex
                0x2000160c                        . = ALIGN (0x4)
 *(.after_data.*)
                0x2000160c                        . = ALIGN (0x4)
                0x2000160c                        PROVIDE (__mutex_array_start = .)
 *(SORT_BY_NAME(.mutex_array.*))
 *(.mutex_array)
 .mutex_array   0x2000160c        0x8 CMakeFiles/pico2.dir/home/karl/pico/pico-sdk/src/rp2_common/pico_stdio/stdio.c.o
                0x20001614                        PROVIDE (__mutex_array_end = .)
                0x20001614                        . = ALIGN (0x4)
 *(.jcr)
                0x20001614                        . = ALIGN (0x4)

.igot.plt       0x20001614        0x0 load address 0x10009854
 .igot.plt      0x20001614        0x0 /usr/lib/gcc/arm-none-eabi/14.2.0/thumb/v6-m/nofp/crtbegin.o

.tdata          0x20001614        0x0 load address 0x10009854
                0x20001614                        . = ALIGN (0x4)
 *(.tdata .tdata.* .gnu.linkonce.td.*)
                0x20001614                        __tdata_end = .
                0x20001614                        PROVIDE (__data_end__ = .)
                0x10008300                        __etext = LOADADDR (.data)

.tbss           0x20001614        0x0 load address 0x10009854
                0x20001614                        . = ALIGN (0x4)
                0x20001614                        __bss_start__ = .
                0x20001614                        __tls_base = .
 *(.tbss .tbss.* .gnu.linkonce.tb.*)
 *(.tcommon)
                0x20001614                        __tls_end = .

.bss            0x20001618     0x1220 load address 0x10009854
                0x20001618                        . = ALIGN (0x4)
                0x20001618                        __tbss_end = .
 *(SORT_BY_ALIGNMENT(SORT_BY_NAME(.bss*)))
 .bss.default_alarm_pool_entries
                0x20001618      0x180 CMakeFiles/pico2.dir/home/karl/pico/pico-sdk/src/common/pico_time/time.c.o
 .bss.last_avail_time.1
                0x20001798        0x8 CMakeFiles/pico2.dir/home/karl/pico/pico-sdk/src/rp2_common/pico_stdio_usb/stdio_usb.c.o
 .bss.lost_time.1
                0x200017a0        0x8 CMakeFiles/pico2.dir/pico2_main.c.o
 .bss.sd_table  0x200017a8      0x100 CMakeFiles/pico2.dir/home/karl/pico/pico-sdk/src/rp2_common/pico_double/double_init_rom_rp2040.c.o
                0x200017a8                sd_table
 .bss.start_time.0
                0x200018a8        0x8 CMakeFiles/pico2.dir/pico2_main.c.o
 .bss.__atexit  0x200018b0        0x4 /usr/lib/gcc/arm-none-eabi/14.2.0/../../../../arm-none-eabi/lib/thumb/v6-m/nofp/libg.a(libc_a-__call_atexit.o)
                0x200018b0                __atexit
 .bss.__atexit0
                0x200018b4      0x190 /usr/lib/gcc/arm-none-eabi/14.2.0/../../../../arm-none-eabi/lib/thumb/v6-m/nofp/libg.a(libc_a-__atexit.o)
                0x200018b4                __atexit0
 .bss.__lock___atexit_recursive_mutex
                0x20001a44        0x1 /usr/lib/gcc/arm-none-eabi/14.2.0/../../../../arm-none-eabi/lib/thumb/v6-m/nofp/libg.a(libc_a-lock.o)
                0x20001a44                __lock___atexit_recursive_mutex
 *fill*         0x20001a45        0x3 
 .bss.__lock___malloc_recursive_mutex
                0x20001a48        0x1 /usr/lib/gcc/arm-none-eabi/14.2.0/../../../../arm-none-eabi/lib/thumb/v6-m/nofp/libg.a(libc_a-lock.o)
                0x20001a48                __lock___malloc_recursive_mutex
 *fill*         0x20001a49        0x3 
 .bss.__lock___sfp_recursive_mutex
                0x20001a4c        0x1 /usr/lib/gcc/arm-none-eabi/14.2.0/../../../../arm-none-eabi/lib/thumb/v6-m/nofp/libg.a(libc_a-lock.o)
                0x20001a4c                __lock___sfp_recursive_mutex
 *fill*         0x20001a4d        0x3 
 .bss.__malloc_current_mallinfo
                0x20001a50       0x28 /usr/lib/gcc/arm-none-eabi/14.2.0/../../../../arm-none-eabi/lib/thumb/v6-m/nofp/libg.a(libc_a-mallocr.o)
                0x20001a50                __malloc_current_mallinfo
 .bss.__malloc_top_pad
                0x20001a78        0x4 /usr/lib/gcc/arm-none-eabi/14.2.0/../../../../arm-none-eabi/lib/thumb/v6-m/nofp/libg.a(libc_a-mallocr.o)
                0x20001a78                __malloc_top_pad
 .bss.__sf      0x20001a7c      0x138 /usr/lib/gcc/arm-none-eabi/14.2.0/../../../../arm-none-eabi/lib/thumb/v6-m/nofp/libg.a(libc_a-findfp.o)
                0x20001a7c                __sf
 .bss.__stdio_exit_handler
                0x20001bb4        0x4 /usr/lib/gcc/arm-none-eabi/14.2.0/../../../../arm-none-eabi/lib/thumb/v6-m/nofp/libg.a(libc_a-findfp.o)
                0x20001bb4                __stdio_exit_handler
 .bss._app_driver
                0x20001bb8        0x4 CMakeFiles/pico2.dir/home/karl/pico/pico-sdk/lib/tinyusb/src/device/usbd.c.o
 .bss._cdcd_epbuf
                0x20001bbc       0x80 CMakeFiles/pico2.dir/home/karl/pico/pico-sdk/lib/tinyusb/src/class/cdc/cdc_device.c.o
 .bss._cdcd_fifo_cfg
                0x20001c3c        0x1 CMakeFiles/pico2.dir/home/karl/pico/pico-sdk/lib/tinyusb/src/class/cdc/cdc_device.c.o
 *fill*         0x20001c3d        0x3 
 .bss._cdcd_itf
                0x20001c40       0xc8 CMakeFiles/pico2.dir/home/karl/pico/pico-sdk/lib/tinyusb/src/class/cdc/cdc_device.c.o
 .bss._ctrl_epbuf
                0x20001d08       0x40 CMakeFiles/pico2.dir/home/karl/pico/pico-sdk/lib/tinyusb/src/device/usbd_control.c.o
 .bss._ctrl_xfer
                0x20001d48       0x14 CMakeFiles/pico2.dir/home/karl/pico/pico-sdk/lib/tinyusb/src/device/usbd_control.c.o
 .bss._tusb_rhport_role
                0x20001d5c        0x2 CMakeFiles/pico2.dir/home/karl/pico/pico-sdk/lib/tinyusb/src/tusb.c.o
                0x20001d5c                _tusb_rhport_role
 *fill*         0x20001d5e        0x2 
 .bss._ubsd_mutexdef
                0x20001d60        0x8 CMakeFiles/pico2.dir/home/karl/pico/pico-sdk/lib/tinyusb/src/device/usbd.c.o
 .bss._usbd_dev
                0x20001d68       0x54 CMakeFiles/pico2.dir/home/karl/pico/pico-sdk/lib/tinyusb/src/device/usbd.c.o
 .bss._usbd_mutex
                0x20001dbc        0x4 CMakeFiles/pico2.dir/home/karl/pico/pico-sdk/lib/tinyusb/src/device/usbd.c.o
 .bss._usbd_q   0x20001dc0        0x4 CMakeFiles/pico2.dir/home/karl/pico/pico-sdk/lib/tinyusb/src/device/usbd.c.o
 .bss._usbd_qdef_buf
                0x20001dc4       0xc0 CMakeFiles/pico2.dir/home/karl/pico/pico-sdk/lib/tinyusb/src/device/usbd.c.o
                0x20001dc4                _usbd_qdef_buf
 .bss._vendord_epbuf
                0x20001e84       0x80 CMakeFiles/pico2.dir/home/karl/pico/pico-sdk/lib/tinyusb/src/class/vendor/vendor_device.c.o
 .bss._vendord_itf
                0x20001f04      0x24c CMakeFiles/pico2.dir/home/karl/pico/pico-sdk/lib/tinyusb/src/class/vendor/vendor_device.c.o
 .bss.boot2_copyout
                0x20002150      0x100 CMakeFiles/pico2.dir/home/karl/pico/pico-sdk/src/rp2_common/hardware_flash/flash.c.o
 .bss.chars_available_callback
                0x20002250        0x4 CMakeFiles/pico2.dir/home/karl/pico/pico-sdk/src/rp2_common/pico_stdio_usb/stdio_usb.c.o
 .bss.chars_available_param
                0x20002254        0x4 CMakeFiles/pico2.dir/home/karl/pico/pico-sdk/src/rp2_common/pico_stdio_usb/stdio_usb.c.o
 .bss.claimed   0x20002258        0x4 CMakeFiles/pico2.dir/home/karl/pico/pico-sdk/src/rp2_common/hardware_sync/sync.c.o
 .bss.claimed   0x2000225c        0x1 CMakeFiles/pico2.dir/home/karl/pico/pico-sdk/src/rp2_common/hardware_timer/timer.c.o
 *fill*         0x2000225d        0x3 
 .bss.configured_freq
                0x20002260       0x28 CMakeFiles/pico2.dir/home/karl/pico/pico-sdk/src/rp2_common/hardware_clocks/clocks.c.o
 .bss.desc_str.0
                0x20002288       0x28 CMakeFiles/pico2.dir/home/karl/pico/pico-sdk/src/rp2_common/pico_stdio_usb/stdio_usb_descriptors.c.o
 .bss.drivers   0x200022b0        0x4 CMakeFiles/pico2.dir/home/karl/pico/pico-sdk/src/rp2_common/pico_stdio/stdio.c.o
 .bss.e15_last_sof
                0x200022b4        0x4 CMakeFiles/pico2.dir/home/karl/pico/pico-sdk/lib/tinyusb/src/portable/raspberrypi/rp2040/rp2040_usb.c.o
                0x200022b4                e15_last_sof
 .bss.errno     0x200022b8        0x4 /usr/lib/gcc/arm-none-eabi/14.2.0/../../../../arm-none-eabi/lib/thumb/v6-m/nofp/libg.a(libc_a-reent.o)
                0x200022b8                errno
 .bss.filter    0x200022bc        0x4 CMakeFiles/pico2.dir/home/karl/pico/pico-sdk/src/rp2_common/pico_stdio/stdio.c.o
 .bss.heap_end.0
                0x200022c0        0x4 CMakeFiles/pico2.dir/home/karl/pico/pico-sdk/src/rp2_common/pico_clib_interface/newlib_interface.c.o
 .bss.hw_endpoints
                0x200022c4      0x400 CMakeFiles/pico2.dir/home/karl/pico/pico-sdk/lib/tinyusb/src/portable/raspberrypi/rp2040/dcd_rp2040.c.o
 .bss.lazy_vsnprintf
                0x200026c4        0x4 CMakeFiles/pico2.dir/home/karl/pico/pico-sdk/src/rp2_common/pico_printf/printf.c.o
 .bss.load_value
                0x200026c8        0x4 CMakeFiles/pico2.dir/home/karl/pico/pico-sdk/src/rp2_common/hardware_watchdog/watchdog.c.o
 .bss.next_buffer_ptr
                0x200026cc        0x4 CMakeFiles/pico2.dir/home/karl/pico/pico-sdk/lib/tinyusb/src/portable/raspberrypi/rp2040/dcd_rp2040.c.o
 .bss.object.0  0x200026d0       0x18 /usr/lib/gcc/arm-none-eabi/14.2.0/thumb/v6-m/nofp/crtbegin.o
 .bss.one_shot_timer_crit_sec
                0x200026e8        0x8 CMakeFiles/pico2.dir/home/karl/pico/pico-sdk/src/rp2_common/pico_stdio_usb/stdio_usb.c.o
 .bss.pools     0x200026f0       0x10 CMakeFiles/pico2.dir/home/karl/pico/pico-sdk/src/common/pico_time/time.c.o
 .bss.retrieved_id
                0x20002700        0x8 CMakeFiles/pico2.dir/home/karl/pico/pico-sdk/src/rp2_common/pico_unique_id/unique_id.c.o
 .bss.sf_clz_func
                0x20002708        0x4 CMakeFiles/pico2.dir/home/karl/pico/pico-sdk/src/rp2_common/pico_double/double_init_rom_rp2040.c.o
                0x20002708                sf_clz_func
 .bss.sf_table  0x2000270c      0x100 CMakeFiles/pico2.dir/home/karl/pico/pico-sdk/src/rp2_common/pico_float/float_init_rom_rp2040.c.o
                0x2000270c                sf_table
 .bss.sleep_notifier
                0x2000280c        0x4 CMakeFiles/pico2.dir/home/karl/pico/pico-sdk/src/common/pico_time/time.c.o
 .bss.stdio_usb_mutex
                0x20002810        0x8 CMakeFiles/pico2.dir/home/karl/pico/pico-sdk/src/rp2_common/pico_stdio_usb/stdio_usb.c.o
 .bss.uart_char_to_line_feed
                0x20002818        0x4 CMakeFiles/pico2.dir/home/karl/pico/pico-sdk/src/rp2_common/hardware_uart/uart.c.o
                0x20002818                uart_char_to_line_feed
 .bss.usbd_serial_str
                0x2000281c       0x11 CMakeFiles/pico2.dir/home/karl/pico/pico-sdk/src/rp2_common/pico_stdio_usb/stdio_usb_descriptors.c.o
 .bss._app_driver_count
                0x2000282d        0x1 CMakeFiles/pico2.dir/home/karl/pico/pico-sdk/lib/tinyusb/src/device/usbd.c.o
 .bss._sof_enable
                0x2000282e        0x1 CMakeFiles/pico2.dir/home/karl/pico/pico-sdk/lib/tinyusb/src/portable/raspberrypi/rp2040/dcd_rp2040.c.o
 .bss._usbd_queued_setup
                0x2000282f        0x1 CMakeFiles/pico2.dir/home/karl/pico/pico-sdk/lib/tinyusb/src/device/usbd.c.o
 .bss.boot2_copyout_valid
                0x20002830        0x1 CMakeFiles/pico2.dir/home/karl/pico/pico-sdk/src/rp2_common/hardware_flash/flash.c.o
 .bss.irq_handler_chain_free_slot_head
                0x20002831        0x1 CMakeFiles/pico2.dir/home/karl/pico/pico-sdk/src/rp2_common/hardware_irq/irq.c.o
 .bss.itf_num   0x20002832        0x1 CMakeFiles/pico2.dir/home/karl/pico/pico-sdk/src/rp2_common/pico_stdio_usb/reset_interface.c.o
 .bss.low_priority_irq_num
                0x20002833        0x1 CMakeFiles/pico2.dir/home/karl/pico/pico-sdk/src/rp2_common/pico_stdio_usb/stdio_usb.c.o
 .bss.one_shot_timer_pending
                0x20002834        0x1 CMakeFiles/pico2.dir/home/karl/pico/pico-sdk/src/rp2_common/pico_stdio_usb/stdio_usb.c.o
 .bss.user_irq_claimed
                0x20002835        0x1 CMakeFiles/pico2.dir/home/karl/pico/pico-sdk/src/rp2_common/hardware_irq/irq.c.o
 .bss.user_is_sitting.2